Archive member included to satisfy reference by file (symbol)

d:/program files/stm32cubeide_1.3.0/stm32cubeide/plugins/com.st.stm32cube.ide.mcu.externaltools.gnu-tools-for-stm32.7-2018-q2-update.win32_1.0.0.201904181610/tools/bin/../lib/gcc/arm-none-eabi/7.3.1/../../../../arm-none-eabi/lib/thumb/v7-m\libc_nano.a(lib_a-errno.o)
                              Core/Src/syscalls.o (__errno)
d:/program files/stm32cubeide_1.3.0/stm32cubeide/plugins/com.st.stm32cube.ide.mcu.externaltools.gnu-tools-for-stm32.7-2018-q2-update.win32_1.0.0.201904181610/tools/bin/../lib/gcc/arm-none-eabi/7.3.1/../../../../arm-none-eabi/lib/thumb/v7-m\libc_nano.a(lib_a-exit.o)
                              d:/program files/stm32cubeide_1.3.0/stm32cubeide/plugins/com.st.stm32cube.ide.mcu.externaltools.gnu-tools-for-stm32.7-2018-q2-update.win32_1.0.0.201904181610/tools/bin/../lib/gcc/arm-none-eabi/7.3.1/../../../../arm-none-eabi/lib/thumb/v7-m/crt0.o (exit)
d:/program files/stm32cubeide_1.3.0/stm32cubeide/plugins/com.st.stm32cube.ide.mcu.externaltools.gnu-tools-for-stm32.7-2018-q2-update.win32_1.0.0.201904181610/tools/bin/../lib/gcc/arm-none-eabi/7.3.1/../../../../arm-none-eabi/lib/thumb/v7-m\libc_nano.a(lib_a-impure.o)
                              d:/program files/stm32cubeide_1.3.0/stm32cubeide/plugins/com.st.stm32cube.ide.mcu.externaltools.gnu-tools-for-stm32.7-2018-q2-update.win32_1.0.0.201904181610/tools/bin/../lib/gcc/arm-none-eabi/7.3.1/../../../../arm-none-eabi/lib/thumb/v7-m\libc_nano.a(lib_a-exit.o) (_global_impure_ptr)
d:/program files/stm32cubeide_1.3.0/stm32cubeide/plugins/com.st.stm32cube.ide.mcu.externaltools.gnu-tools-for-stm32.7-2018-q2-update.win32_1.0.0.201904181610/tools/bin/../lib/gcc/arm-none-eabi/7.3.1/../../../../arm-none-eabi/lib/thumb/v7-m\libc_nano.a(lib_a-init.o)
                              d:/program files/stm32cubeide_1.3.0/stm32cubeide/plugins/com.st.stm32cube.ide.mcu.externaltools.gnu-tools-for-stm32.7-2018-q2-update.win32_1.0.0.201904181610/tools/bin/../lib/gcc/arm-none-eabi/7.3.1/../../../../arm-none-eabi/lib/thumb/v7-m/crt0.o (__libc_init_array)
d:/program files/stm32cubeide_1.3.0/stm32cubeide/plugins/com.st.stm32cube.ide.mcu.externaltools.gnu-tools-for-stm32.7-2018-q2-update.win32_1.0.0.201904181610/tools/bin/../lib/gcc/arm-none-eabi/7.3.1/../../../../arm-none-eabi/lib/thumb/v7-m\libc_nano.a(lib_a-memcpy-stub.o)
                              Core/Src/nrf24l01.o (memcpy)
d:/program files/stm32cubeide_1.3.0/stm32cubeide/plugins/com.st.stm32cube.ide.mcu.externaltools.gnu-tools-for-stm32.7-2018-q2-update.win32_1.0.0.201904181610/tools/bin/../lib/gcc/arm-none-eabi/7.3.1/../../../../arm-none-eabi/lib/thumb/v7-m\libc_nano.a(lib_a-memset.o)
                              d:/program files/stm32cubeide_1.3.0/stm32cubeide/plugins/com.st.stm32cube.ide.mcu.externaltools.gnu-tools-for-stm32.7-2018-q2-update.win32_1.0.0.201904181610/tools/bin/../lib/gcc/arm-none-eabi/7.3.1/../../../../arm-none-eabi/lib/thumb/v7-m/crt0.o (memset)

Allocating common symbols
Common symbol       size              file

uwTick              0x4               Drivers/STM32F1xx_HAL_Driver/Src/stm32f1xx_hal.o
xQueueRegistry      0x40              Middlewares/Third_Party/FreeRTOS/Source/queue.o
pFlash              0x20              Drivers/STM32F1xx_HAL_Driver/Src/stm32f1xx_hal_flash.o
htim3               0x40              Core/Src/stm32f1xx_hal_timebase_tim.o
hadc1               0x30              Core/Src/main.o
huart1              0x40              Core/Src/main.o
Task_LED0Handle     0x4               Core/Src/main.o
pipe0_reading_address
                    0x5               Core/Src/nrf24l01.o
hspi1               0x58              Core/Src/main.o
Task_LED1Handle     0x4               Core/Src/main.o

Discarded input sections

 .text          0x0000000000000000        0x0 d:/program files/stm32cubeide_1.3.0/stm32cubeide/plugins/com.st.stm32cube.ide.mcu.externaltools.gnu-tools-for-stm32.7-2018-q2-update.win32_1.0.0.201904181610/tools/bin/../lib/gcc/arm-none-eabi/7.3.1/thumb/v7-m/crti.o
 .data          0x0000000000000000        0x0 d:/program files/stm32cubeide_1.3.0/stm32cubeide/plugins/com.st.stm32cube.ide.mcu.externaltools.gnu-tools-for-stm32.7-2018-q2-update.win32_1.0.0.201904181610/tools/bin/../lib/gcc/arm-none-eabi/7.3.1/thumb/v7-m/crti.o
 .bss           0x0000000000000000        0x0 d:/program files/stm32cubeide_1.3.0/stm32cubeide/plugins/com.st.stm32cube.ide.mcu.externaltools.gnu-tools-for-stm32.7-2018-q2-update.win32_1.0.0.201904181610/tools/bin/../lib/gcc/arm-none-eabi/7.3.1/thumb/v7-m/crti.o
 .data          0x0000000000000000        0x4 d:/program files/stm32cubeide_1.3.0/stm32cubeide/plugins/com.st.stm32cube.ide.mcu.externaltools.gnu-tools-for-stm32.7-2018-q2-update.win32_1.0.0.201904181610/tools/bin/../lib/gcc/arm-none-eabi/7.3.1/thumb/v7-m/crtbegin.o
[...]
Memory Configuration

Name             Origin             Length             Attributes
RAM              0x0000000020000000 0x000000000000c000 xrw
FLASH            0x0000000008000000 0x0000000000040000 xr
*default*        0x0000000000000000 0xffffffffffffffff

Linker script and memory map

LOAD d:/program files/stm32cubeide_1.3.0/stm32cubeide/plugins/com.st.stm32cube.ide.mcu.externaltools.gnu-tools-for-stm32.7-2018-q2-update.win32_1.0.0.201904181610/tools/bin/../lib/gcc/arm-none-eabi/7.3.1/thumb/v7-m/crti.o
LOAD d:/program files/stm32cubeide_1.3.0/stm32cubeide/plugins/com.st.stm32cube.ide.mcu.externaltools.gnu-tools-for-stm32.7-2018-q2-update.win32_1.0.0.201904181610/tools/bin/../lib/gcc/arm-none-eabi/7.3.1/thumb/v7-m/crtbegin.o
LOAD d:/program files/stm32cubeide_1.3.0/stm32cubeide/plugins/com.st.stm32cube.ide.mcu.externaltools.gnu-tools-for-stm32.7-2018-q2-update.win32_1.0.0.201904181610/tools/bin/../lib/gcc/arm-none-eabi/7.3.1/../../../../arm-none-eabi/lib/thumb/v7-m/crt0.o
LOAD Core/Src/freertos.o
LOAD Core/Src/main.o
LOAD Core/Src/nrf24l01.o
LOAD Core/Src/stm32f1xx_hal_msp.o
LOAD Core/Src/stm32f1xx_hal_timebase_tim.o
LOAD Core/Src/stm32f1xx_it.o
LOAD Core/Src/syscalls.o
LOAD Core/Src/sysmem.o
LOAD Core/Src/system_stm32f1xx.o
LOAD Core/Startup/startup_stm32f103rctx.o
LOAD Drivers/STM32F1xx_HAL_Driver/Src/stm32f1xx_hal.o
LOAD Drivers/STM32F1xx_HAL_Driver/Src/stm32f1xx_hal_adc.o
LOAD Drivers/STM32F1xx_HAL_Driver/Src/stm32f1xx_hal_adc_ex.o
LOAD Drivers/STM32F1xx_HAL_Driver/Src/stm32f1xx_hal_cortex.o
LOAD Drivers/STM32F1xx_HAL_Driver/Src/stm32f1xx_hal_dma.o
LOAD Drivers/STM32F1xx_HAL_Driver/Src/stm32f1xx_hal_exti.o
LOAD Drivers/STM32F1xx_HAL_Driver/Src/stm32f1xx_hal_flash.o
LOAD Drivers/STM32F1xx_HAL_Driver/Src/stm32f1xx_hal_flash_ex.o
LOAD Drivers/STM32F1xx_HAL_Driver/Src/stm32f1xx_hal_gpio.o
LOAD Drivers/STM32F1xx_HAL_Driver/Src/stm32f1xx_hal_gpio_ex.o
LOAD Drivers/STM32F1xx_HAL_Driver/Src/stm32f1xx_hal_pwr.o
LOAD Drivers/STM32F1xx_HAL_Driver/Src/stm32f1xx_hal_rcc.o
LOAD Drivers/STM32F1xx_HAL_Driver/Src/stm32f1xx_hal_rcc_ex.o
LOAD Drivers/STM32F1xx_HAL_Driver/Src/stm32f1xx_hal_spi.o
LOAD Drivers/STM32F1xx_HAL_Driver/Src/stm32f1xx_hal_tim.o
LOAD Drivers/STM32F1xx_HAL_Driver/Src/stm32f1xx_hal_tim_ex.o
LOAD Drivers/STM32F1xx_HAL_Driver/Src/stm32f1xx_hal_uart.o
LOAD Middlewares/Third_Party/FreeRTOS/Source/CMSIS_RTOS/cmsis_os.o
LOAD Middlewares/Third_Party/FreeRTOS/Source/croutine.o
LOAD Middlewares/Third_Party/FreeRTOS/Source/event_groups.o
LOAD Middlewares/Third_Party/FreeRTOS/Source/list.o
LOAD Middlewares/Third_Party/FreeRTOS/Source/queue.o
LOAD Middlewares/Third_Party/FreeRTOS/Source/stream_buffer.o
LOAD Middlewares/Third_Party/FreeRTOS/Source/tasks.o
LOAD Middlewares/Third_Party/FreeRTOS/Source/timers.o
LOAD Middlewares/Third_Party/FreeRTOS/Source/portable/GCC/ARM_CM3/port.o
LOAD Middlewares/Third_Party/FreeRTOS/Source/portable/MemMang/heap_4.o
START GROUP
LOAD d:/program files/stm32cubeide_1.3.0/stm32cubeide/plugins/com.st.stm32cube.ide.mcu.externaltools.gnu-tools-for-stm32.7-2018-q2-update.win32_1.0.0.201904181610/tools/bin/../lib/gcc/arm-none-eabi/7.3.1/../../../../arm-none-eabi/lib/thumb/v7-m\libc_nano.a
LOAD d:/program files/stm32cubeide_1.3.0/stm32cubeide/plugins/com.st.stm32cube.ide.mcu.externaltools.gnu-tools-for-stm32.7-2018-q2-update.win32_1.0.0.201904181610/tools/bin/../lib/gcc/arm-none-eabi/7.3.1/../../../../arm-none-eabi/lib/thumb/v7-m\libm.a
END GROUP
START GROUP
LOAD d:/program files/stm32cubeide_1.3.0/stm32cubeide/plugins/com.st.stm32cube.ide.mcu.externaltools.gnu-tools-for-stm32.7-2018-q2-update.win32_1.0.0.201904181610/tools/bin/../lib/gcc/arm-none-eabi/7.3.1/thumb/v7-m\libgcc.a
LOAD d:/program files/stm32cubeide_1.3.0/stm32cubeide/plugins/com.st.stm32cube.ide.mcu.externaltools.gnu-tools-for-stm32.7-2018-q2-update.win32_1.0.0.201904181610/tools/bin/../lib/gcc/arm-none-eabi/7.3.1/../../../../arm-none-eabi/lib/thumb/v7-m\libc_nano.a
END GROUP
START GROUP
LOAD d:/program files/stm32cubeide_1.3.0/stm32cubeide/plugins/com.st.stm32cube.ide.mcu.externaltools.gnu-tools-for-stm32.7-2018-q2-update.win32_1.0.0.201904181610/tools/bin/../lib/gcc/arm-none-eabi/7.3.1/thumb/v7-m\libgcc.a
LOAD d:/program files/stm32cubeide_1.3.0/stm32cubeide/plugins/com.st.stm32cube.ide.mcu.externaltools.gnu-tools-for-stm32.7-2018-q2-update.win32_1.0.0.201904181610/tools/bin/../lib/gcc/arm-none-eabi/7.3.1/../../../../arm-none-eabi/lib/thumb/v7-m\libc_nano.a
LOAD d:/program files/stm32cubeide_1.3.0/stm32cubeide/plugins/com.st.stm32cube.ide.mcu.externaltools.gnu-tools-for-stm32.7-2018-q2-update.win32_1.0.0.201904181610/tools/bin/../lib/gcc/arm-none-eabi/7.3.1/../../../../arm-none-eabi/lib/thumb/v7-m\libnosys.a
END GROUP
START GROUP
LOAD d:/program files/stm32cubeide_1.3.0/stm32cubeide/plugins/com.st.stm32cube.ide.mcu.externaltools.gnu-tools-for-stm32.7-2018-q2-update.win32_1.0.0.201904181610/tools/bin/../lib/gcc/arm-none-eabi/7.3.1/thumb/v7-m\libgcc.a
LOAD d:/program files/stm32cubeide_1.3.0/stm32cubeide/plugins/com.st.stm32cube.ide.mcu.externaltools.gnu-tools-for-stm32.7-2018-q2-update.win32_1.0.0.201904181610/tools/bin/../lib/gcc/arm-none-eabi/7.3.1/../../../../arm-none-eabi/lib/thumb/v7-m\libc_nano.a
LOAD d:/program files/stm32cubeide_1.3.0/stm32cubeide/plugins/com.st.stm32cube.ide.mcu.externaltools.gnu-tools-for-stm32.7-2018-q2-update.win32_1.0.0.201904181610/tools/bin/../lib/gcc/arm-none-eabi/7.3.1/../../../../arm-none-eabi/lib/thumb/v7-m\libnosys.a
END GROUP
LOAD d:/program files/stm32cubeide_1.3.0/stm32cubeide/plugins/com.st.stm32cube.ide.mcu.externaltools.gnu-tools-for-stm32.7-2018-q2-update.win32_1.0.0.201904181610/tools/bin/../lib/gcc/arm-none-eabi/7.3.1/thumb/v7-m/crtend.o
LOAD d:/program files/stm32cubeide_1.3.0/stm32cubeide/plugins/com.st.stm32cube.ide.mcu.externaltools.gnu-tools-for-stm32.7-2018-q2-update.win32_1.0.0.201904181610/tools/bin/../lib/gcc/arm-none-eabi/7.3.1/thumb/v7-m/crtn.o
                0x000000002000c000                _estack = (ORIGIN (RAM) + LENGTH (RAM))
                0x0000000000000200                _Min_Heap_Size = 0x200
                0x0000000000000400                _Min_Stack_Size = 0x400

.isr_vector     0x0000000008000000      0x1e4
                0x0000000008000000                . = ALIGN (0x4)
 *(.isr_vector)
 .isr_vector    0x0000000008000000      0x1e4 Core/Startup/startup_stm32f103rctx.o
                0x0000000008000000                g_pfnVectors
                0x00000000080001e4                . = ALIGN (0x4)

.text           0x00000000080001f0     0x3c84
                0x00000000080001f0                . = ALIGN (0x4)
 *(.text)
 .text          0x00000000080001f0       0x40 d:/program files/stm32cubeide_1.3.0/stm32cubeide/plugins/com.st.stm32cube.ide.mcu.externaltools.gnu-tools-for-stm32.7-2018-q2-update.win32_1.0.0.201904181610/tools/bin/../lib/gcc/arm-none-eabi/7.3.1/thumb/v7-m/crtbegin.o
 *(.text*)
 .text.vApplicationGetIdleTaskMemory
                0x0000000008000230       0x30 Core/Src/freertos.o
                0x0000000008000230                vApplicationGetIdleTaskMemory
 .text.main     0x0000000008000260       0x7c Core/Src/main.o
                0x0000000008000260                main
 .text.SystemClock_Config
                0x00000000080002dc       0xba Core/Src/main.o
                0x00000000080002dc                SystemClock_Config
 *fill*         0x0000000008000396        0x2 
 .text.MX_ADC1_Init
                0x0000000008000398       0x7c Core/Src/main.o
 .text.MX_SPI1_Init
                0x0000000008000414       0x6c Core/Src/main.o
 .text.MX_USART1_UART_Init
                0x0000000008000480       0x54 Core/Src/main.o
 .text.MX_GPIO_Init
                0x00000000080004d4       0x7c Core/Src/main.o
 .text.Func_LED0
                0x0000000008000550       0x10 Core/Src/main.o
                0x0000000008000550                Func_LED0
 .text.Func_LED1
                0x0000000008000560       0x10 Core/Src/main.o
                0x0000000008000560                Func_LED1
 .text.HAL_TIM_PeriodElapsedCallback
                0x0000000008000570       0x24 Core/Src/main.o
                0x0000000008000570                HAL_TIM_PeriodElapsedCallback
 .text.Error_Handler
                0x0000000008000594        0xc Core/Src/main.o
                0x0000000008000594                Error_Handler
 .text.HAL_MspInit
                0x00000000080005a0       0x70 Core/Src/stm32f1xx_hal_msp.o
                0x00000000080005a0                HAL_MspInit
 .text.HAL_ADC_MspInit
                0x0000000008000610       0x78 Core/Src/stm32f1xx_hal_msp.o
                0x0000000008000610                HAL_ADC_MspInit
 .text.HAL_SPI_MspInit
                0x0000000008000688       0x94 Core/Src/stm32f1xx_hal_msp.o
                0x0000000008000688                HAL_SPI_MspInit
 .text.HAL_UART_MspInit
                0x000000000800071c       0xa8 Core/Src/stm32f1xx_hal_msp.o
                0x000000000800071c                HAL_UART_MspInit
 .text.HAL_InitTick
                0x00000000080007c4       0xb0 Core/Src/stm32f1xx_hal_timebase_tim.o
                0x00000000080007c4                HAL_InitTick
 .text.NMI_Handler
                0x0000000008000874        0xc Core/Src/stm32f1xx_it.o
                0x0000000008000874                NMI_Handler
 .text.HardFault_Handler
                0x0000000008000880        0x6 Core/Src/stm32f1xx_it.o
                0x0000000008000880                HardFault_Handler
 .text.MemManage_Handler
                0x0000000008000886        0x6 Core/Src/stm32f1xx_it.o
                0x0000000008000886                MemManage_Handler
 .text.BusFault_Handler
                0x000000000800088c        0x6 Core/Src/stm32f1xx_it.o
                0x000000000800088c                BusFault_Handler
 .text.UsageFault_Handler
                0x0000000008000892        0x6 Core/Src/stm32f1xx_it.o
                0x0000000008000892                UsageFault_Handler
 .text.DebugMon_Handler
                0x0000000008000898        0xc Core/Src/stm32f1xx_it.o
                0x0000000008000898                DebugMon_Handler
 .text.TIM3_IRQHandler
                0x00000000080008a4       0x14 Core/Src/stm32f1xx_it.o
                0x00000000080008a4                TIM3_IRQHandler
 .text.USART1_IRQHandler
                0x00000000080008b8       0x14 Core/Src/stm32f1xx_it.o
                0x00000000080008b8                USART1_IRQHandler
 .text.SystemInit
                0x00000000080008cc       0x68 Core/Src/system_stm32f1xx.o
                0x00000000080008cc                SystemInit
 .text.Reset_Handler
                0x0000000008000934       0x48 Core/Startup/startup_stm32f103rctx.o
                0x0000000008000934                Reset_Handler
 .text.Default_Handler
                0x000000000800097c        0x2 Core/Startup/startup_stm32f103rctx.o
                0x000000000800097c                RTC_Alarm_IRQHandler
                0x000000000800097c                EXTI2_IRQHandler
                0x000000000800097c                TIM8_TRG_COM_IRQHandler
                0x000000000800097c                TIM8_CC_IRQHandler
                0x000000000800097c                TIM1_CC_IRQHandler
                0x000000000800097c                TIM6_IRQHandler
                0x000000000800097c                PVD_IRQHandler
                0x000000000800097c                SDIO_IRQHandler
                0x000000000800097c                EXTI3_IRQHandler
                0x000000000800097c                EXTI0_IRQHandler
                0x000000000800097c                I2C2_EV_IRQHandler
                0x000000000800097c                ADC1_2_IRQHandler
                0x000000000800097c                SPI1_IRQHandler
                0x000000000800097c                TAMPER_IRQHandler
                0x000000000800097c                TIM8_UP_IRQHandler
                0x000000000800097c                DMA2_Channel2_IRQHandler
                0x000000000800097c                DMA1_Channel4_IRQHandler
                0x000000000800097c                USART3_IRQHandler
                0x000000000800097c                RTC_IRQHandler
                0x000000000800097c                DMA1_Channel7_IRQHandler
                0x000000000800097c                CAN1_RX1_IRQHandler
                0x000000000800097c                UART5_IRQHandler
                0x000000000800097c                ADC3_IRQHandler
                0x000000000800097c                TIM4_IRQHandler
                0x000000000800097c                DMA2_Channel1_IRQHandler
                0x000000000800097c                I2C1_EV_IRQHandler
                0x000000000800097c                DMA1_Channel6_IRQHandler
                0x000000000800097c                UART4_IRQHandler
                0x000000000800097c                RCC_IRQHandler
                0x000000000800097c                TIM1_TRG_COM_IRQHandler
                0x000000000800097c                DMA1_Channel1_IRQHandler
                0x000000000800097c                Default_Handler
                0x000000000800097c                EXTI15_10_IRQHandler
                0x000000000800097c                TIM7_IRQHandler
                0x000000000800097c                TIM5_IRQHandler
                0x000000000800097c                EXTI9_5_IRQHandler
                0x000000000800097c                SPI2_IRQHandler
                0x000000000800097c                DMA1_Channel5_IRQHandler
                0x000000000800097c                EXTI4_IRQHandler
                0x000000000800097c                USB_LP_CAN1_RX0_IRQHandler
                0x000000000800097c                USB_HP_CAN1_TX_IRQHandler
                0x000000000800097c                DMA1_Channel3_IRQHandler
                0x000000000800097c                FSMC_IRQHandler
                0x000000000800097c                TIM1_UP_IRQHandler
                0x000000000800097c                WWDG_IRQHandler
                0x000000000800097c                TIM2_IRQHandler
                0x000000000800097c                TIM1_BRK_IRQHandler
                0x000000000800097c                EXTI1_IRQHandler
                0x000000000800097c                DMA2_Channel4_5_IRQHandler
                0x000000000800097c                USART2_IRQHandler
                0x000000000800097c                I2C2_ER_IRQHandler
                0x000000000800097c                DMA1_Channel2_IRQHandler
                0x000000000800097c                TIM8_BRK_IRQHandler
                0x000000000800097c                CAN1_SCE_IRQHandler
                0x000000000800097c                FLASH_IRQHandler
                0x000000000800097c                SPI3_IRQHandler
                0x000000000800097c                I2C1_ER_IRQHandler
                0x000000000800097c                USBWakeUp_IRQHandler
                0x000000000800097c                DMA2_Channel3_IRQHandler
 *fill*         0x000000000800097e        0x2 
 .text.HAL_Init
                0x0000000008000980       0x2c Drivers/STM32F1xx_HAL_Driver/Src/stm32f1xx_hal.o
                0x0000000008000980                HAL_Init
 .text.HAL_IncTick
                0x00000000080009ac       0x24 Drivers/STM32F1xx_HAL_Driver/Src/stm32f1xx_hal.o
                0x00000000080009ac                HAL_IncTick
 .text.HAL_GetTick
                0x00000000080009d0       0x14 Drivers/STM32F1xx_HAL_Driver/Src/stm32f1xx_hal.o
                0x00000000080009d0                HAL_GetTick
 .text.HAL_ADC_Init
                0x00000000080009e4      0x1d4 Drivers/STM32F1xx_HAL_Driver/Src/stm32f1xx_hal_adc.o
                0x00000000080009e4                HAL_ADC_Init
 .text.HAL_ADC_ConfigChannel
                0x0000000008000bb8      0x1f0 Drivers/STM32F1xx_HAL_Driver/Src/stm32f1xx_hal_adc.o
                0x0000000008000bb8                HAL_ADC_ConfigChannel
 .text.ADC_ConversionStop_Disable
                0x0000000008000da8       0x74 Drivers/STM32F1xx_HAL_Driver/Src/stm32f1xx_hal_adc.o
                0x0000000008000da8                ADC_ConversionStop_Disable
 .text.__NVIC_SetPriorityGrouping
                0x0000000008000e1c       0x48 Drivers/STM32F1xx_HAL_Driver/Src/stm32f1xx_hal_cortex.o
 .text.__NVIC_GetPriorityGrouping
                0x0000000008000e64       0x1c Drivers/STM32F1xx_HAL_Driver/Src/stm32f1xx_hal_cortex.o
 .text.__NVIC_EnableIRQ
                0x0000000008000e80       0x38 Drivers/STM32F1xx_HAL_Driver/Src/stm32f1xx_hal_cortex.o
 .text.__NVIC_SetPriority
                0x0000000008000eb8       0x54 Drivers/STM32F1xx_HAL_Driver/Src/stm32f1xx_hal_cortex.o
 .text.NVIC_EncodePriority
                0x0000000008000f0c       0x64 Drivers/STM32F1xx_HAL_Driver/Src/stm32f1xx_hal_cortex.o
 .text.HAL_NVIC_SetPriorityGrouping
                0x0000000008000f70       0x16 Drivers/STM32F1xx_HAL_Driver/Src/stm32f1xx_hal_cortex.o
                0x0000000008000f70                HAL_NVIC_SetPriorityGrouping
 .text.HAL_NVIC_SetPriority
                0x0000000008000f86       0x38 Drivers/STM32F1xx_HAL_Driver/Src/stm32f1xx_hal_cortex.o
                0x0000000008000f86                HAL_NVIC_SetPriority
 .text.HAL_NVIC_EnableIRQ
                0x0000000008000fbe       0x1c Drivers/STM32F1xx_HAL_Driver/Src/stm32f1xx_hal_cortex.o
                0x0000000008000fbe                HAL_NVIC_EnableIRQ
 *fill*         0x0000000008000fda        0x2 
 .text.HAL_DMA_Abort_IT
                0x0000000008000fdc      0x210 Drivers/STM32F1xx_HAL_Driver/Src/stm32f1xx_hal_dma.o
                0x0000000008000fdc                HAL_DMA_Abort_IT
 .text.HAL_GPIO_Init
                0x00000000080011ec      0x2d4 Drivers/STM32F1xx_HAL_Driver/Src/stm32f1xx_hal_gpio.o
                0x00000000080011ec                HAL_GPIO_Init
 .text.HAL_GPIO_WritePin
                0x00000000080014c0       0x30 Drivers/STM32F1xx_HAL_Driver/Src/stm32f1xx_hal_gpio.o
                0x00000000080014c0                HAL_GPIO_WritePin
 .text.HAL_RCC_OscConfig
                0x00000000080014f0      0x500 Drivers/STM32F1xx_HAL_Driver/Src/stm32f1xx_hal_rcc.o
                0x00000000080014f0                HAL_RCC_OscConfig
 .text.HAL_RCC_ClockConfig
                0x00000000080019f0      0x1d4 Drivers/STM32F1xx_HAL_Driver/Src/stm32f1xx_hal_rcc.o
                0x00000000080019f0                HAL_RCC_ClockConfig
 .text.HAL_RCC_GetSysClockFreq
                0x0000000008001bc4       0xc4 Drivers/STM32F1xx_HAL_Driver/Src/stm32f1xx_hal_rcc.o
                0x0000000008001bc4                HAL_RCC_GetSysClockFreq
 .text.HAL_RCC_GetHCLKFreq
                0x0000000008001c88       0x14 Drivers/STM32F1xx_HAL_Driver/Src/stm32f1xx_hal_rcc.o
                0x0000000008001c88                HAL_RCC_GetHCLKFreq
 .text.HAL_RCC_GetPCLK1Freq
                0x0000000008001c9c       0x28 Drivers/STM32F1xx_HAL_Driver/Src/stm32f1xx_hal_rcc.o
                0x0000000008001c9c                HAL_RCC_GetPCLK1Freq
 .text.HAL_RCC_GetPCLK2Freq
                0x0000000008001cc4       0x28 Drivers/STM32F1xx_HAL_Driver/Src/stm32f1xx_hal_rcc.o
                0x0000000008001cc4                HAL_RCC_GetPCLK2Freq
 .text.HAL_RCC_GetClockConfig
                0x0000000008001cec       0x60 Drivers/STM32F1xx_HAL_Driver/Src/stm32f1xx_hal_rcc.o
                0x0000000008001cec                HAL_RCC_GetClockConfig
 .text.RCC_Delay
                0x0000000008001d4c       0x3c Drivers/STM32F1xx_HAL_Driver/Src/stm32f1xx_hal_rcc.o
 .text.HAL_RCCEx_PeriphCLKConfig
                0x0000000008001d88      0x16c Drivers/STM32F1xx_HAL_Driver/Src/stm32f1xx_hal_rcc_ex.o
                0x0000000008001d88                HAL_RCCEx_PeriphCLKConfig
 .text.HAL_SPI_Init
                0x0000000008001ef4       0xc2 Drivers/STM32F1xx_HAL_Driver/Src/stm32f1xx_hal_spi.o
                0x0000000008001ef4                HAL_SPI_Init
 .text.HAL_TIM_Base_Init
                0x0000000008001fb6       0x56 Drivers/STM32F1xx_HAL_Driver/Src/stm32f1xx_hal_tim.o
                0x0000000008001fb6                HAL_TIM_Base_Init
 .text.HAL_TIM_Base_MspInit
                0x000000000800200c       0x12 Drivers/STM32F1xx_HAL_Driver/Src/stm32f1xx_hal_tim.o
                0x000000000800200c                HAL_TIM_Base_MspInit
 .text.HAL_TIM_Base_Start_IT
                0x000000000800201e       0x46 Drivers/STM32F1xx_HAL_Driver/Src/stm32f1xx_hal_tim.o
                0x000000000800201e                HAL_TIM_Base_Start_IT
 .text.HAL_TIM_IRQHandler
                0x0000000008002064      0x210 Drivers/STM32F1xx_HAL_Driver/Src/stm32f1xx_hal_tim.o
                0x0000000008002064                HAL_TIM_IRQHandler
 .text.HAL_TIM_OC_DelayElapsedCallback
                0x0000000008002274       0x12 Drivers/STM32F1xx_HAL_Driver/Src/stm32f1xx_hal_tim.o
                0x0000000008002274                HAL_TIM_OC_DelayElapsedCallback
 .text.HAL_TIM_IC_CaptureCallback
                0x0000000008002286       0x12 Drivers/STM32F1xx_HAL_Driver/Src/stm32f1xx_hal_tim.o
                0x0000000008002286                HAL_TIM_IC_CaptureCallback
 .text.HAL_TIM_PWM_PulseFinishedCallback
                0x0000000008002298       0x12 Drivers/STM32F1xx_HAL_Driver/Src/stm32f1xx_hal_tim.o
                0x0000000008002298                HAL_TIM_PWM_PulseFinishedCallback
 .text.HAL_TIM_TriggerCallback
                0x00000000080022aa       0x12 Drivers/STM32F1xx_HAL_Driver/Src/stm32f1xx_hal_tim.o
                0x00000000080022aa                HAL_TIM_TriggerCallback
 .text.TIM_Base_SetConfig
                0x00000000080022bc       0xf4 Drivers/STM32F1xx_HAL_Driver/Src/stm32f1xx_hal_tim.o
                0x00000000080022bc                TIM_Base_SetConfig
 .text.HAL_TIMEx_CommutCallback
                0x00000000080023b0       0x12 Drivers/STM32F1xx_HAL_Driver/Src/stm32f1xx_hal_tim_ex.o
                0x00000000080023b0                HAL_TIMEx_CommutCallback
 .text.HAL_TIMEx_BreakCallback
                0x00000000080023c2       0x12 Drivers/STM32F1xx_HAL_Driver/Src/stm32f1xx_hal_tim_ex.o
                0x00000000080023c2                HAL_TIMEx_BreakCallback
 .text.HAL_UART_Init
                0x00000000080023d4       0x9a Drivers/STM32F1xx_HAL_Driver/Src/stm32f1xx_hal_uart.o
                0x00000000080023d4                HAL_UART_Init
 *fill*         0x000000000800246e        0x2 
 .text.HAL_UART_IRQHandler
                0x0000000008002470      0x1f8 Drivers/STM32F1xx_HAL_Driver/Src/stm32f1xx_hal_uart.o
                0x0000000008002470                HAL_UART_IRQHandler
 .text.HAL_UART_TxCpltCallback
                0x0000000008002668       0x12 Drivers/STM32F1xx_HAL_Driver/Src/stm32f1xx_hal_uart.o
                0x0000000008002668                HAL_UART_TxCpltCallback
 .text.HAL_UART_RxCpltCallback
                0x000000000800267a       0x12 Drivers/STM32F1xx_HAL_Driver/Src/stm32f1xx_hal_uart.o
                0x000000000800267a                HAL_UART_RxCpltCallback
 .text.HAL_UART_ErrorCallback
                0x000000000800268c       0x12 Drivers/STM32F1xx_HAL_Driver/Src/stm32f1xx_hal_uart.o
                0x000000000800268c                HAL_UART_ErrorCallback
 .text.UART_EndRxTransfer
                0x000000000800269e       0x3a Drivers/STM32F1xx_HAL_Driver/Src/stm32f1xx_hal_uart.o
 .text.UART_DMAAbortOnError
                0x00000000080026d8       0x28 Drivers/STM32F1xx_HAL_Driver/Src/stm32f1xx_hal_uart.o
 .text.UART_Transmit_IT
                0x0000000008002700       0xaa Drivers/STM32F1xx_HAL_Driver/Src/stm32f1xx_hal_uart.o
 .text.UART_EndTransmit_IT
                0x00000000080027aa       0x30 Drivers/STM32F1xx_HAL_Driver/Src/stm32f1xx_hal_uart.o
 .text.UART_Receive_IT
                0x00000000080027da      0x102 Drivers/STM32F1xx_HAL_Driver/Src/stm32f1xx_hal_uart.o
 .text.UART_SetConfig
                0x00000000080028dc      0x1b4 Drivers/STM32F1xx_HAL_Driver/Src/stm32f1xx_hal_uart.o
 .text.makeFreeRtosPriority
                0x0000000008002a90       0x2e Middlewares/Third_Party/FreeRTOS/Source/CMSIS_RTOS/cmsis_os.o
 .text.osKernelStart
                0x0000000008002abe        0xe Middlewares/Third_Party/FreeRTOS/Source/CMSIS_RTOS/cmsis_os.o
                0x0000000008002abe                osKernelStart
 .text.osThreadCreate
                0x0000000008002acc       0x98 Middlewares/Third_Party/FreeRTOS/Source/CMSIS_RTOS/cmsis_os.o
                0x0000000008002acc                osThreadCreate
 .text.osDelay  0x0000000008002b64       0x28 Middlewares/Third_Party/FreeRTOS/Source/CMSIS_RTOS/cmsis_os.o
                0x0000000008002b64                osDelay
 .text.vListInitialise
                0x0000000008002b8c       0x3e Middlewares/Third_Party/FreeRTOS/Source/list.o
                0x0000000008002b8c                vListInitialise
 .text.vListInitialiseItem
                0x0000000008002bca       0x18 Middlewares/Third_Party/FreeRTOS/Source/list.o
                0x0000000008002bca                vListInitialiseItem
 .text.vListInsertEnd
                0x0000000008002be2       0x46 Middlewares/Third_Party/FreeRTOS/Source/list.o
                0x0000000008002be2                vListInsertEnd
 .text.vListInsert
                0x0000000008002c28       0x70 Middlewares/Third_Party/FreeRTOS/Source/list.o
                0x0000000008002c28                vListInsert
 .text.uxListRemove
                0x0000000008002c98       0x52 Middlewares/Third_Party/FreeRTOS/Source/list.o
                0x0000000008002c98                uxListRemove
 .text.xTaskCreateStatic
                0x0000000008002cea       0xb2 Middlewares/Third_Party/FreeRTOS/Source/tasks.o
                0x0000000008002cea                xTaskCreateStatic
 .text.xTaskCreate
                0x0000000008002d9c       0x8a Middlewares/Third_Party/FreeRTOS/Source/tasks.o
                0x0000000008002d9c                xTaskCreate
 .text.prvInitialiseNewTask
                0x0000000008002e26       0xfc Middlewares/Third_Party/FreeRTOS/Source/tasks.o
 *fill*         0x0000000008002f22        0x2 
 .text.prvAddNewTaskToReadyList
                0x0000000008002f24       0xd4 Middlewares/Third_Party/FreeRTOS/Source/tasks.o
 .text.vTaskDelay
                0x0000000008002ff8       0x68 Middlewares/Third_Party/FreeRTOS/Source/tasks.o
                0x0000000008002ff8                vTaskDelay
 .text.vTaskStartScheduler
                0x0000000008003060       0xbc Middlewares/Third_Party/FreeRTOS/Source/tasks.o
                0x0000000008003060                vTaskStartScheduler
 .text.vTaskSuspendAll
                0x000000000800311c       0x1c Middlewares/Third_Party/FreeRTOS/Source/tasks.o
                0x000000000800311c                vTaskSuspendAll
 .text.xTaskResumeAll
                0x0000000008003138      0x138 Middlewares/Third_Party/FreeRTOS/Source/tasks.o
                0x0000000008003138                xTaskResumeAll
 .text.xTaskIncrementTick
                0x0000000008003270      0x178 Middlewares/Third_Party/FreeRTOS/Source/tasks.o
                0x0000000008003270                xTaskIncrementTick
 .text.vTaskSwitchContext
                0x00000000080033e8       0xb4 Middlewares/Third_Party/FreeRTOS/Source/tasks.o
                0x00000000080033e8                vTaskSwitchContext
 .text.prvIdleTask
                0x000000000800349c       0x30 Middlewares/Third_Party/FreeRTOS/Source/tasks.o
 .text.prvInitialiseTaskLists
                0x00000000080034cc       0x80 Middlewares/Third_Party/FreeRTOS/Source/tasks.o
 .text.prvCheckTasksWaitingTermination
                0x000000000800354c       0x58 Middlewares/Third_Party/FreeRTOS/Source/tasks.o
 .text.prvDeleteTCB
                0x00000000080035a4       0x5c Middlewares/Third_Party/FreeRTOS/Source/tasks.o
 .text.prvResetNextTaskUnblockTime
                0x0000000008003600       0x48 Middlewares/Third_Party/FreeRTOS/Source/tasks.o
 .text.prvAddCurrentTaskToDelayedList
                0x0000000008003648       0xcc Middlewares/Third_Party/FreeRTOS/Source/tasks.o
 .text.pxPortInitialiseStack
                0x0000000008003714       0x58 Middlewares/Third_Party/FreeRTOS/Source/portable/GCC/ARM_CM3/port.o
                0x0000000008003714                pxPortInitialiseStack
 .text.prvTaskExitError
                0x000000000800376c       0x50 Middlewares/Third_Party/FreeRTOS/Source/portable/GCC/ARM_CM3/port.o
 *fill*         0x00000000080037bc        0x4 
 .text.SVC_Handler
                0x00000000080037c0       0x28 Middlewares/Third_Party/FreeRTOS/Source/portable/GCC/ARM_CM3/port.o
                0x00000000080037c0                SVC_Handler
 .text.prvPortStartFirstTask
                0x00000000080037e8       0x20 Middlewares/Third_Party/FreeRTOS/Source/portable/GCC/ARM_CM3/port.o
 .text.xPortStartScheduler
                0x0000000008003808       0xe0 Middlewares/Third_Party/FreeRTOS/Source/portable/GCC/ARM_CM3/port.o
                0x0000000008003808                xPortStartScheduler
 .text.vPortEnterCritical
                0x00000000080038e8       0x5c Middlewares/Third_Party/FreeRTOS/Source/portable/GCC/ARM_CM3/port.o
                0x00000000080038e8                vPortEnterCritical
 .text.vPortExitCritical
                0x0000000008003944       0x4c Middlewares/Third_Party/FreeRTOS/Source/portable/GCC/ARM_CM3/port.o
                0x0000000008003944                vPortExitCritical
 .text.PendSV_Handler
                0x0000000008003990       0x48 Middlewares/Third_Party/FreeRTOS/Source/portable/GCC/ARM_CM3/port.o
                0x0000000008003990                PendSV_Handler
 .text.SysTick_Handler
                0x00000000080039d8       0x40 Middlewares/Third_Party/FreeRTOS/Source/portable/GCC/ARM_CM3/port.o
                0x00000000080039d8                SysTick_Handler
 .text.vPortSetupTimerInterrupt
                0x0000000008003a18       0x44 Middlewares/Third_Party/FreeRTOS/Source/portable/GCC/ARM_CM3/port.o
                0x0000000008003a18                vPortSetupTimerInterrupt
 .text.pvPortMalloc
                0x0000000008003a5c      0x184 Middlewares/Third_Party/FreeRTOS/Source/portable/MemMang/heap_4.o
                0x0000000008003a5c                pvPortMalloc
 .text.vPortFree
                0x0000000008003be0       0xb0 Middlewares/Third_Party/FreeRTOS/Source/portable/MemMang/heap_4.o
                0x0000000008003be0                vPortFree
 .text.prvHeapInit
                0x0000000008003c90       0xc4 Middlewares/Third_Party/FreeRTOS/Source/portable/MemMang/heap_4.o
 .text.prvInsertBlockIntoFreeList
                0x0000000008003d54       0xb0 Middlewares/Third_Party/FreeRTOS/Source/portable/MemMang/heap_4.o
 .text.__libc_init_array
                0x0000000008003e04       0x48 d:/program files/stm32cubeide_1.3.0/stm32cubeide/plugins/com.st.stm32cube.ide.mcu.externaltools.gnu-tools-for-stm32.7-2018-q2-update.win32_1.0.0.201904181610/tools/bin/../lib/gcc/arm-none-eabi/7.3.1/../../../../arm-none-eabi/lib/thumb/v7-m\libc_nano.a(lib_a-init.o)
                0x0000000008003e04                __libc_init_array
 .text.memset   0x0000000008003e4c       0x10 d:/program files/stm32cubeide_1.3.0/stm32cubeide/plugins/com.st.stm32cube.ide.mcu.externaltools.gnu-tools-for-stm32.7-2018-q2-update.win32_1.0.0.201904181610/tools/bin/../lib/gcc/arm-none-eabi/7.3.1/../../../../arm-none-eabi/lib/thumb/v7-m\libc_nano.a(lib_a-memset.o)
                0x0000000008003e4c                memset
 *(.glue_7)
 .glue_7        0x0000000008003e5c        0x0 linker stubs
 *(.glue_7t)
 .glue_7t       0x0000000008003e5c        0x0 linker stubs
 *(.eh_frame)
 .eh_frame      0x0000000008003e5c        0x0 d:/program files/stm32cubeide_1.3.0/stm32cubeide/plugins/com.st.stm32cube.ide.mcu.externaltools.gnu-tools-for-stm32.7-2018-q2-update.win32_1.0.0.201904181610/tools/bin/../lib/gcc/arm-none-eabi/7.3.1/thumb/v7-m/crtbegin.o
 *(.init)
 .init          0x0000000008003e5c        0x4 d:/program files/stm32cubeide_1.3.0/stm32cubeide/plugins/com.st.stm32cube.ide.mcu.externaltools.gnu-tools-for-stm32.7-2018-q2-update.win32_1.0.0.201904181610/tools/bin/../lib/gcc/arm-none-eabi/7.3.1/thumb/v7-m/crti.o
                0x0000000008003e5c                _init
 .init          0x0000000008003e60        0x8 d:/program files/stm32cubeide_1.3.0/stm32cubeide/plugins/com.st.stm32cube.ide.mcu.externaltools.gnu-tools-for-stm32.7-2018-q2-update.win32_1.0.0.201904181610/tools/bin/../lib/gcc/arm-none-eabi/7.3.1/thumb/v7-m/crtn.o
 *(.fini)
 .fini          0x0000000008003e68        0x4 d:/program files/stm32cubeide_1.3.0/stm32cubeide/plugins/com.st.stm32cube.ide.mcu.externaltools.gnu-tools-for-stm32.7-2018-q2-update.win32_1.0.0.201904181610/tools/bin/../lib/gcc/arm-none-eabi/7.3.1/thumb/v7-m/crti.o
                0x0000000008003e68                _fini
 .fini          0x0000000008003e6c        0x8 d:/program files/stm32cubeide_1.3.0/stm32cubeide/plugins/com.st.stm32cube.ide.mcu.externaltools.gnu-tools-for-stm32.7-2018-q2-update.win32_1.0.0.201904181610/tools/bin/../lib/gcc/arm-none-eabi/7.3.1/thumb/v7-m/crtn.o
                0x0000000008003e74                . = ALIGN (0x4)
                0x0000000008003e74                _etext = .

.vfp11_veneer   0x0000000008003e74        0x0
 .vfp11_veneer  0x0000000008003e74        0x0 linker stubs

.v4_bx          0x0000000008003e74        0x0
 .v4_bx         0x0000000008003e74        0x0 linker stubs

.iplt           0x0000000008003e74        0x0
 .iplt          0x0000000008003e74        0x0 d:/program files/stm32cubeide_1.3.0/stm32cubeide/plugins/com.st.stm32cube.ide.mcu.externaltools.gnu-tools-for-stm32.7-2018-q2-update.win32_1.0.0.201904181610/tools/bin/../lib/gcc/arm-none-eabi/7.3.1/thumb/v7-m/crtbegin.o

.rodata         0x0000000008003e74       0x84
                0x0000000008003e74                . = ALIGN (0x4)
 *(.rodata)
 .rodata        0x0000000008003e74       0x50 Core/Src/main.o
 .rodata        0x0000000008003ec4       0x12 Drivers/STM32F1xx_HAL_Driver/Src/stm32f1xx_hal_rcc.o
 *fill*         0x0000000008003ed6        0x2 
 .rodata        0x0000000008003ed8        0x5 Middlewares/Third_Party/FreeRTOS/Source/tasks.o
 *(.rodata*)
 *fill*         0x0000000008003edd        0x3 
 .rodata.AHBPrescTable
                0x0000000008003ee0       0x10 Core/Src/system_stm32f1xx.o
                0x0000000008003ee0                AHBPrescTable
 .rodata.APBPrescTable
                0x0000000008003ef0        0x8 Core/Src/system_stm32f1xx.o
                0x0000000008003ef0                APBPrescTable
                0x0000000008003ef8                . = ALIGN (0x4)

.rel.dyn        0x0000000008003ef8        0x0
 .rel.iplt      0x0000000008003ef8        0x0 d:/program files/stm32cubeide_1.3.0/stm32cubeide/plugins/com.st.stm32cube.ide.mcu.externaltools.gnu-tools-for-stm32.7-2018-q2-update.win32_1.0.0.201904181610/tools/bin/../lib/gcc/arm-none-eabi/7.3.1/thumb/v7-m/crtbegin.o

.ARM.extab      0x0000000008003ef8        0x0
                0x0000000008003ef8                . = ALIGN (0x4)
 *(.ARM.extab* .gnu.linkonce.armextab.*)
                0x0000000008003ef8                . = ALIGN (0x4)

.ARM            0x0000000008003ef8        0x0
                0x0000000008003ef8                . = ALIGN (0x4)
                0x0000000008003ef8                __exidx_start = .
 *(.ARM.exidx*)
                0x0000000008003ef8                __exidx_end = .
                0x0000000008003ef8                . = ALIGN (0x4)

.preinit_array  0x0000000008003ef8        0x0
                0x0000000008003ef8                . = ALIGN (0x4)
                0x0000000008003ef8                PROVIDE (__preinit_array_start = .)
 *(.preinit_array*)
                0x0000000008003ef8                PROVIDE (__preinit_array_end = .)
                0x0000000008003ef8                . = ALIGN (0x4)

.init_array     0x0000000008003ef8        0x4
                0x0000000008003ef8                . = ALIGN (0x4)
                0x0000000008003ef8                PROVIDE (__init_array_start = .)
 *(SORT_BY_NAME(.init_array.*))
 *(.init_array*)
 .init_array    0x0000000008003ef8        0x4 d:/program files/stm32cubeide_1.3.0/stm32cubeide/plugins/com.st.stm32cube.ide.mcu.externaltools.gnu-tools-for-stm32.7-2018-q2-update.win32_1.0.0.201904181610/tools/bin/../lib/gcc/arm-none-eabi/7.3.1/thumb/v7-m/crtbegin.o
                0x0000000008003efc                PROVIDE (__init_array_end = .)
                0x0000000008003efc                . = ALIGN (0x4)

.fini_array     0x0000000008003efc        0x4
                0x0000000008003efc                . = ALIGN (0x4)
                [!provide]                        PROVIDE (__fini_array_start = .)
 *(SORT_BY_NAME(.fini_array.*))
 *(.fini_array*)
 .fini_array    0x0000000008003efc        0x4 d:/program files/stm32cubeide_1.3.0/stm32cubeide/plugins/com.st.stm32cube.ide.mcu.externaltools.gnu-tools-for-stm32.7-2018-q2-update.win32_1.0.0.201904181610/tools/bin/../lib/gcc/arm-none-eabi/7.3.1/thumb/v7-m/crtbegin.o
                [!provide]                        PROVIDE (__fini_array_end = .)
                0x0000000008003f00                . = ALIGN (0x4)
                0x0000000008003f00                _sidata = LOADADDR (.data)

.data           0x0000000020000000       0x10 load address 0x0000000008003f00
                0x0000000020000000                . = ALIGN (0x4)
                0x0000000020000000                _sdata = .
 *(.data)
 *(.data*)
 .data.SystemCoreClock
                0x0000000020000000        0x4 Core/Src/system_stm32f1xx.o
                0x0000000020000000                SystemCoreClock
 .data.uwTickPrio
                0x0000000020000004        0x4 Drivers/STM32F1xx_HAL_Driver/Src/stm32f1xx_hal.o
                0x0000000020000004                uwTickPrio
 .data.uwTickFreq
                0x0000000020000008        0x1 Drivers/STM32F1xx_HAL_Driver/Src/stm32f1xx_hal.o
                0x0000000020000008                uwTickFreq
 *fill*         0x0000000020000009        0x3 
 .data.uxCriticalNesting
                0x000000002000000c        0x4 Middlewares/Third_Party/FreeRTOS/Source/portable/GCC/ARM_CM3/port.o
                0x0000000020000010                . = ALIGN (0x4)
                0x0000000020000010                _edata = .

.igot.plt       0x0000000020000010        0x0 load address 0x0000000008003f10
 .igot.plt      0x0000000020000010        0x0 d:/program files/stm32cubeide_1.3.0/stm32cubeide/plugins/com.st.stm32cube.ide.mcu.externaltools.gnu-tools-for-stm32.7-2018-q2-update.win32_1.0.0.201904181610/tools/bin/../lib/gcc/arm-none-eabi/7.3.1/thumb/v7-m/crtbegin.o
                0x0000000020000010                . = ALIGN (0x4)

.bss            0x0000000020000010     0x10d0 load address 0x0000000008003f10
                0x0000000020000010                _sbss = .
                0x0000000020000010                __bss_start__ = _sbss
 *(.bss)
 .bss           0x0000000020000010       0x1c d:/program files/stm32cubeide_1.3.0/stm32cubeide/plugins/com.st.stm32cube.ide.mcu.externaltools.gnu-tools-for-stm32.7-2018-q2-update.win32_1.0.0.201904181610/tools/bin/../lib/gcc/arm-none-eabi/7.3.1/thumb/v7-m/crtbegin.o
 *(.bss*)
 .bss.xIdleTaskTCBBuffer
                0x000000002000002c       0x54 Core/Src/freertos.o
 .bss.xIdleStack
                0x0000000020000080      0x200 Core/Src/freertos.o
 .bss.pxCurrentTCB
                0x0000000020000280        0x4 Middlewares/Third_Party/FreeRTOS/Source/tasks.o
                0x0000000020000280                pxCurrentTCB
 .bss.pxReadyTasksLists
                0x0000000020000284       0x8c Middlewares/Third_Party/FreeRTOS/Source/tasks.o
 .bss.xDelayedTaskList1
                0x0000000020000310       0x14 Middlewares/Third_Party/FreeRTOS/Source/tasks.o
 .bss.xDelayedTaskList2
                0x0000000020000324       0x14 Middlewares/Third_Party/FreeRTOS/Source/tasks.o
 .bss.pxDelayedTaskList
                0x0000000020000338        0x4 Middlewares/Third_Party/FreeRTOS/Source/tasks.o
 .bss.pxOverflowDelayedTaskList
                0x000000002000033c        0x4 Middlewares/Third_Party/FreeRTOS/Source/tasks.o
 .bss.xPendingReadyList
                0x0000000020000340       0x14 Middlewares/Third_Party/FreeRTOS/Source/tasks.o
 .bss.xTasksWaitingTermination
                0x0000000020000354       0x14 Middlewares/Third_Party/FreeRTOS/Source/tasks.o
 .bss.uxDeletedTasksWaitingCleanUp
                0x0000000020000368        0x4 Middlewares/Third_Party/FreeRTOS/Source/tasks.o
 .bss.xSuspendedTaskList
                0x000000002000036c       0x14 Middlewares/Third_Party/FreeRTOS/Source/tasks.o
 .bss.uxCurrentNumberOfTasks
                0x0000000020000380        0x4 Middlewares/Third_Party/FreeRTOS/Source/tasks.o
 .bss.xTickCount
                0x0000000020000384        0x4 Middlewares/Third_Party/FreeRTOS/Source/tasks.o
 .bss.uxTopReadyPriority
                0x0000000020000388        0x4 Middlewares/Third_Party/FreeRTOS/Source/tasks.o
 .bss.xSchedulerRunning
                0x000000002000038c        0x4 Middlewares/Third_Party/FreeRTOS/Source/tasks.o
 .bss.uxPendedTicks
                0x0000000020000390        0x4 Middlewares/Third_Party/FreeRTOS/Source/tasks.o
 .bss.xYieldPending
                0x0000000020000394        0x4 Middlewares/Third_Party/FreeRTOS/Source/tasks.o
 .bss.xNumOfOverflows
                0x0000000020000398        0x4 Middlewares/Third_Party/FreeRTOS/Source/tasks.o
 .bss.uxTaskNumber
                0x000000002000039c        0x4 Middlewares/Third_Party/FreeRTOS/Source/tasks.o
 .bss.xNextTaskUnblockTime
                0x00000000200003a0        0x4 Middlewares/Third_Party/FreeRTOS/Source/tasks.o
 .bss.xIdleTaskHandle
                0x00000000200003a4        0x4 Middlewares/Third_Party/FreeRTOS/Source/tasks.o
 .bss.uxSchedulerSuspended
                0x00000000200003a8        0x4 Middlewares/Third_Party/FreeRTOS/Source/tasks.o
 .bss.ucMaxSysCallPriority
                0x00000000200003ac        0x1 Middlewares/Third_Party/FreeRTOS/Source/portable/GCC/ARM_CM3/port.o
 *fill*         0x00000000200003ad        0x3 
 .bss.ulMaxPRIGROUPValue
                0x00000000200003b0        0x4 Middlewares/Third_Party/FreeRTOS/Source/portable/GCC/ARM_CM3/port.o
 .bss.ucHeap    0x00000000200003b4      0xc00 Middlewares/Third_Party/FreeRTOS/Source/portable/MemMang/heap_4.o
 .bss.xStart    0x0000000020000fb4        0x8 Middlewares/Third_Party/FreeRTOS/Source/portable/MemMang/heap_4.o
 .bss.pxEnd     0x0000000020000fbc        0x4 Middlewares/Third_Party/FreeRTOS/Source/portable/MemMang/heap_4.o
 .bss.xFreeBytesRemaining
                0x0000000020000fc0        0x4 Middlewares/Third_Party/FreeRTOS/Source/portable/MemMang/heap_4.o
 .bss.xMinimumEverFreeBytesRemaining
                0x0000000020000fc4        0x4 Middlewares/Third_Party/FreeRTOS/Source/portable/MemMang/heap_4.o
 .bss.xBlockAllocatedBit
                0x0000000020000fc8        0x4 Middlewares/Third_Party/FreeRTOS/Source/portable/MemMang/heap_4.o
 *(COMMON)
 COMMON         0x0000000020000fcc       0xd0 Core/Src/main.o
                0x0000000020000fcc                hadc1
                0x0000000020000ffc                huart1
                0x000000002000103c                Task_LED0Handle
                0x0000000020001040                hspi1
                0x0000000020001098                Task_LED1Handle
 COMMON         0x000000002000109c       0x40 Core/Src/stm32f1xx_hal_timebase_tim.o
                0x000000002000109c                htim3
 COMMON         0x00000000200010dc        0x4 Drivers/STM32F1xx_HAL_Driver/Src/stm32f1xx_hal.o
                0x00000000200010dc                uwTick
                0x00000000200010e0                . = ALIGN (0x4)
                0x00000000200010e0                _ebss = .
                0x00000000200010e0                __bss_end__ = _ebss

._user_heap_stack
                0x00000000200010e0      0x600 load address 0x0000000008003f10
                0x00000000200010e0                . = ALIGN (0x8)
                [!provide]                        PROVIDE (end = .)
                0x00000000200010e0                PROVIDE (_end = .)
                0x00000000200012e0                . = (. + _Min_Heap_Size)
 *fill*         0x00000000200010e0      0x200 
                0x00000000200016e0                . = (. + _Min_Stack_Size)
 *fill*         0x00000000200012e0      0x400 
                0x00000000200016e0                . = ALIGN (0x8)

/DISCARD/
 libc.a(*)
 libm.a(*)
 libgcc.a(*)

.ARM.attributes
                0x0000000000000000       0x29
 *(.ARM.attributes)
 .ARM.attributes
                0x0000000000000000       0x1d d:/program files/stm32cubeide_1.3.0/stm32cubeide/plugins/com.st.stm32cube.ide.mcu.externaltools.gnu-tools-for-stm32.7-2018-q2-update.win32_1.0.0.201904181610/tools/bin/../lib/gcc/arm-none-eabi/7.3.1/thumb/v7-m/crti.o
 .ARM.attributes
                0x000000000000001d       0x2d d:/program files/stm32cubeide_1.3.0/stm32cubeide/plugins/com.st.stm32cube.ide.mcu.externaltools.gnu-tools-for-stm32.7-2018-q2-update.win32_1.0.0.201904181610/tools/bin/../lib/gcc/arm-none-eabi/7.3.1/thumb/v7-m/crtbegin.o
 .ARM.attributes
                0x000000000000004a       0x33 Core/Src/freertos.o
 .ARM.attributes
                0x000000000000007d       0x33 Core/Src/main.o
 .ARM.attributes
                0x00000000000000b0       0x33 Core/Src/stm32f1xx_hal_msp.o
 .ARM.attributes
                0x00000000000000e3       0x33 Core/Src/stm32f1xx_hal_timebase_tim.o
 .ARM.attributes
                0x0000000000000116       0x33 Core/Src/stm32f1xx_it.o
 .ARM.attributes
                0x0000000000000149       0x33 Core/Src/system_stm32f1xx.o
 .ARM.attributes
                0x000000000000017c       0x21 Core/Startup/startup_stm32f103rctx.o
 .ARM.attributes
                0x000000000000019d       0x33 Drivers/STM32F1xx_HAL_Driver/Src/stm32f1xx_hal.o
 .ARM.attributes
                0x00000000000001d0       0x33 Drivers/STM32F1xx_HAL_Driver/Src/stm32f1xx_hal_adc.o
 .ARM.attributes
                0x0000000000000203       0x33 Drivers/STM32F1xx_HAL_Driver/Src/stm32f1xx_hal_cortex.o
 .ARM.attributes
                0x0000000000000236       0x33 Drivers/STM32F1xx_HAL_Driver/Src/stm32f1xx_hal_dma.o
 .ARM.attributes
                0x0000000000000269       0x33 Drivers/STM32F1xx_HAL_Driver/Src/stm32f1xx_hal_gpio.o
 .ARM.attributes
                0x000000000000029c       0x33 Drivers/STM32F1xx_HAL_Driver/Src/stm32f1xx_hal_rcc.o
 .ARM.attributes
                0x00000000000002cf       0x33 Drivers/STM32F1xx_HAL_Driver/Src/stm32f1xx_hal_rcc_ex.o
 .ARM.attributes
                0x0000000000000302       0x33 Drivers/STM32F1xx_HAL_Driver/Src/stm32f1xx_hal_spi.o
 .ARM.attributes
                0x0000000000000335       0x33 Drivers/STM32F1xx_HAL_Driver/Src/stm32f1xx_hal_tim.o
 .ARM.attributes
                0x0000000000000368       0x33 Drivers/STM32F1xx_HAL_Driver/Src/stm32f1xx_hal_tim_ex.o
 .ARM.attributes
                0x000000000000039b       0x33 Drivers/STM32F1xx_HAL_Driver/Src/stm32f1xx_hal_uart.o
 .ARM.attributes
                0x00000000000003ce       0x33 Middlewares/Third_Party/FreeRTOS/Source/CMSIS_RTOS/cmsis_os.o
 .ARM.attributes
                0x0000000000000401       0x33 Middlewares/Third_Party/FreeRTOS/Source/list.o
 .ARM.attributes
                0x0000000000000434       0x33 Middlewares/Third_Party/FreeRTOS/Source/tasks.o
 .ARM.attributes
                0x0000000000000467       0x33 Middlewares/Third_Party/FreeRTOS/Source/portable/GCC/ARM_CM3/port.o
 .ARM.attributes
                0x000000000000049a       0x33 Middlewares/Third_Party/FreeRTOS/Source/portable/MemMang/heap_4.o
 .ARM.attributes
                0x00000000000004cd       0x2d d:/program files/stm32cubeide_1.3.0/stm32cubeide/plugins/com.st.stm32cube.ide.mcu.externaltools.gnu-tools-for-stm32.7-2018-q2-update.win32_1.0.0.201904181610/tools/bin/../lib/gcc/arm-none-eabi/7.3.1/../../../../arm-none-eabi/lib/thumb/v7-m\libc_nano.a(lib_a-init.o)
 .ARM.attributes
                0x00000000000004fa       0x2d d:/program files/stm32cubeide_1.3.0/stm32cubeide/plugins/com.st.stm32cube.ide.mcu.externaltools.gnu-tools-for-stm32.7-2018-q2-update.win32_1.0.0.201904181610/tools/bin/../lib/gcc/arm-none-eabi/7.3.1/../../../../arm-none-eabi/lib/thumb/v7-m\libc_nano.a(lib_a-memset.o)
 .ARM.attributes
                0x0000000000000527       0x1d d:/program files/stm32cubeide_1.3.0/stm32cubeide/plugins/com.st.stm32cube.ide.mcu.externaltools.gnu-tools-for-stm32.7-2018-q2-update.win32_1.0.0.201904181610/tools/bin/../lib/gcc/arm-none-eabi/7.3.1/thumb/v7-m/crtn.o
OUTPUT(cs301_project_transmissor.elf elf32-littlearm)

.debug_info     0x0000000000000000    0x13198
 .debug_info    0x0000000000000000      0x344 Core/Src/freertos.o
 .debug_info    0x0000000000000344     0x139e Core/Src/main.o
 .debug_info    0x00000000000016e2      0xf4d Core/Src/stm32f1xx_hal_msp.o
 .debug_info    0x000000000000262f      0x959 Core/Src/stm32f1xx_hal_timebase_tim.o
 .debug_info    0x0000000000002f88      0x89f Core/Src/stm32f1xx_it.o
 .debug_info    0x0000000000003827      0x43e Core/Src/system_stm32f1xx.o
 .debug_info    0x0000000000003c65       0x22 Core/Startup/startup_stm32f103rctx.o
 .debug_info    0x0000000000003c87      0x77a Drivers/STM32F1xx_HAL_Driver/Src/stm32f1xx_hal.o
 .debug_info    0x0000000000004401      0xc6c Drivers/STM32F1xx_HAL_Driver/Src/stm32f1xx_hal_adc.o
 .debug_info    0x000000000000506d      0xbb7 Drivers/STM32F1xx_HAL_Driver/Src/stm32f1xx_hal_cortex.o
 .debug_info    0x0000000000005c24      0x7b1 Drivers/STM32F1xx_HAL_Driver/Src/stm32f1xx_hal_dma.o
 .debug_info    0x00000000000063d5      0x68c Drivers/STM32F1xx_HAL_Driver/Src/stm32f1xx_hal_gpio.o
 .debug_info    0x0000000000006a61      0x80f Drivers/STM32F1xx_HAL_Driver/Src/stm32f1xx_hal_rcc.o
 .debug_info    0x0000000000007270      0x45e Drivers/STM32F1xx_HAL_Driver/Src/stm32f1xx_hal_rcc_ex.o
 .debug_info    0x00000000000076ce     0x1552 Drivers/STM32F1xx_HAL_Driver/Src/stm32f1xx_hal_spi.o
 .debug_info    0x0000000000008c20     0x2461 Drivers/STM32F1xx_HAL_Driver/Src/stm32f1xx_hal_tim.o
 .debug_info    0x000000000000b081     0x110f Drivers/STM32F1xx_HAL_Driver/Src/stm32f1xx_hal_tim_ex.o
 .debug_info    0x000000000000c190     0x11ee Drivers/STM32F1xx_HAL_Driver/Src/stm32f1xx_hal_uart.o
 .debug_info    0x000000000000d37e     0x1e5d Middlewares/Third_Party/FreeRTOS/Source/CMSIS_RTOS/cmsis_os.o
 .debug_info    0x000000000000f1db      0xac5 Middlewares/Third_Party/FreeRTOS/Source/list.o
 .debug_info    0x000000000000fca0     0x243c Middlewares/Third_Party/FreeRTOS/Source/tasks.o
 .debug_info    0x00000000000120dc      0x4d2 Middlewares/Third_Party/FreeRTOS/Source/portable/GCC/ARM_CM3/port.o
 .debug_info    0x00000000000125ae      0xbea Middlewares/Third_Party/FreeRTOS/Source/portable/MemMang/heap_4.o

.debug_abbrev   0x0000000000000000     0x2d48
 .debug_abbrev  0x0000000000000000      0x109 Core/Src/freertos.o
 .debug_abbrev  0x0000000000000109      0x26a Core/Src/main.o
 .debug_abbrev  0x0000000000000373      0x1be Core/Src/stm32f1xx_hal_msp.o
 .debug_abbrev  0x0000000000000531      0x19d Core/Src/stm32f1xx_hal_timebase_tim.o
 .debug_abbrev  0x00000000000006ce      0x15a Core/Src/stm32f1xx_it.o
 .debug_abbrev  0x0000000000000828      0x134 Core/Src/system_stm32f1xx.o
 .debug_abbrev  0x000000000000095c       0x12 Core/Startup/startup_stm32f103rctx.o
 .debug_abbrev  0x000000000000096e      0x1c7 Drivers/STM32F1xx_HAL_Driver/Src/stm32f1xx_hal.o
 .debug_abbrev  0x0000000000000b35      0x1d5 Drivers/STM32F1xx_HAL_Driver/Src/stm32f1xx_hal_adc.o
 .debug_abbrev  0x0000000000000d0a      0x2d5 Drivers/STM32F1xx_HAL_Driver/Src/stm32f1xx_hal_cortex.o
 .debug_abbrev  0x0000000000000fdf      0x1fe Drivers/STM32F1xx_HAL_Driver/Src/stm32f1xx_hal_dma.o
 .debug_abbrev  0x00000000000011dd      0x1c0 Drivers/STM32F1xx_HAL_Driver/Src/stm32f1xx_hal_gpio.o
 .debug_abbrev  0x000000000000139d      0x243 Drivers/STM32F1xx_HAL_Driver/Src/stm32f1xx_hal_rcc.o
 .debug_abbrev  0x00000000000015e0      0x175 Drivers/STM32F1xx_HAL_Driver/Src/stm32f1xx_hal_rcc_ex.o
 .debug_abbrev  0x0000000000001755      0x240 Drivers/STM32F1xx_HAL_Driver/Src/stm32f1xx_hal_spi.o
 .debug_abbrev  0x0000000000001995      0x230 Drivers/STM32F1xx_HAL_Driver/Src/stm32f1xx_hal_tim.o
 .debug_abbrev  0x0000000000001bc5      0x21e Drivers/STM32F1xx_HAL_Driver/Src/stm32f1xx_hal_tim_ex.o
 .debug_abbrev  0x0000000000001de3      0x242 Drivers/STM32F1xx_HAL_Driver/Src/stm32f1xx_hal_uart.o
 .debug_abbrev  0x0000000000002025      0x379 Middlewares/Third_Party/FreeRTOS/Source/CMSIS_RTOS/cmsis_os.o
 .debug_abbrev  0x000000000000239e      0x1cf Middlewares/Third_Party/FreeRTOS/Source/list.o
 .debug_abbrev  0x000000000000256d      0x338 Middlewares/Third_Party/FreeRTOS/Source/tasks.o
 .debug_abbrev  0x00000000000028a5      0x205 Middlewares/Third_Party/FreeRTOS/Source/portable/GCC/ARM_CM3/port.o
 .debug_abbrev  0x0000000000002aaa      0x29e Middlewares/Third_Party/FreeRTOS/Source/portable/MemMang/heap_4.o

.debug_aranges  0x0000000000000000     0x1338
 .debug_aranges
                0x0000000000000000       0x20 Core/Src/freertos.o
 .debug_aranges
                0x0000000000000020       0x68 Core/Src/main.o
 .debug_aranges
                0x0000000000000088       0x50 Core/Src/stm32f1xx_hal_msp.o
 .debug_aranges
                0x00000000000000d8       0x30 Core/Src/stm32f1xx_hal_timebase_tim.o
 .debug_aranges
                0x0000000000000108       0x58 Core/Src/stm32f1xx_it.o
 .debug_aranges
                0x0000000000000160       0x28 Core/Src/system_stm32f1xx.o
 .debug_aranges
                0x0000000000000188       0x28 Core/Startup/startup_stm32f103rctx.o
 .debug_aranges
                0x00000000000001b0       0xe0 Drivers/STM32F1xx_HAL_Driver/Src/stm32f1xx_hal.o
 .debug_aranges
                0x0000000000000290       0xf0 Drivers/STM32F1xx_HAL_Driver/Src/stm32f1xx_hal_adc.o
 .debug_aranges
                0x0000000000000380      0x100 Drivers/STM32F1xx_HAL_Driver/Src/stm32f1xx_hal_cortex.o
 .debug_aranges
                0x0000000000000480       0x80 Drivers/STM32F1xx_HAL_Driver/Src/stm32f1xx_hal_dma.o
 .debug_aranges
                0x0000000000000500       0x58 Drivers/STM32F1xx_HAL_Driver/Src/stm32f1xx_hal_gpio.o
 .debug_aranges
                0x0000000000000558       0x90 Drivers/STM32F1xx_HAL_Driver/Src/stm32f1xx_hal_rcc.o
 .debug_aranges
                0x00000000000005e8       0x30 Drivers/STM32F1xx_HAL_Driver/Src/stm32f1xx_hal_rcc_ex.o
 .debug_aranges
                0x0000000000000618      0x1d0 Drivers/STM32F1xx_HAL_Driver/Src/stm32f1xx_hal_spi.o
 .debug_aranges
                0x00000000000007e8      0x3a8 Drivers/STM32F1xx_HAL_Driver/Src/stm32f1xx_hal_tim.o
 .debug_aranges
                0x0000000000000b90      0x150 Drivers/STM32F1xx_HAL_Driver/Src/stm32f1xx_hal_tim_ex.o
 .debug_aranges
                0x0000000000000ce0      0x1d0 Drivers/STM32F1xx_HAL_Driver/Src/stm32f1xx_hal_uart.o
 .debug_aranges
                0x0000000000000eb0      0x1d8 Middlewares/Third_Party/FreeRTOS/Source/CMSIS_RTOS/cmsis_os.o
 .debug_aranges
                0x0000000000001088       0x40 Middlewares/Third_Party/FreeRTOS/Source/list.o
 .debug_aranges
                0x00000000000010c8      0x1a8 Middlewares/Third_Party/FreeRTOS/Source/tasks.o
 .debug_aranges
                0x0000000000001270       0x78 Middlewares/Third_Party/FreeRTOS/Source/portable/GCC/ARM_CM3/port.o
 .debug_aranges
                0x00000000000012e8       0x50 Middlewares/Third_Party/FreeRTOS/Source/portable/MemMang/heap_4.o

.debug_ranges   0x0000000000000000     0x11d0
 .debug_ranges  0x0000000000000000       0x10 Core/Src/freertos.o
 .debug_ranges  0x0000000000000010       0x58 Core/Src/main.o
 .debug_ranges  0x0000000000000068       0x40 Core/Src/stm32f1xx_hal_msp.o
 .debug_ranges  0x00000000000000a8       0x20 Core/Src/stm32f1xx_hal_timebase_tim.o
 .debug_ranges  0x00000000000000c8       0x48 Core/Src/stm32f1xx_it.o
 .debug_ranges  0x0000000000000110       0x18 Core/Src/system_stm32f1xx.o
 .debug_ranges  0x0000000000000128       0x20 Core/Startup/startup_stm32f103rctx.o
 .debug_ranges  0x0000000000000148       0xd0 Drivers/STM32F1xx_HAL_Driver/Src/stm32f1xx_hal.o
 .debug_ranges  0x0000000000000218       0xe0 Drivers/STM32F1xx_HAL_Driver/Src/stm32f1xx_hal_adc.o
 .debug_ranges  0x00000000000002f8       0xf0 Drivers/STM32F1xx_HAL_Driver/Src/stm32f1xx_hal_cortex.o
 .debug_ranges  0x00000000000003e8       0x70 Drivers/STM32F1xx_HAL_Driver/Src/stm32f1xx_hal_dma.o
 .debug_ranges  0x0000000000000458       0x48 Drivers/STM32F1xx_HAL_Driver/Src/stm32f1xx_hal_gpio.o
 .debug_ranges  0x00000000000004a0       0x80 Drivers/STM32F1xx_HAL_Driver/Src/stm32f1xx_hal_rcc.o
 .debug_ranges  0x0000000000000520       0x20 Drivers/STM32F1xx_HAL_Driver/Src/stm32f1xx_hal_rcc_ex.o
 .debug_ranges  0x0000000000000540      0x1c0 Drivers/STM32F1xx_HAL_Driver/Src/stm32f1xx_hal_spi.o
 .debug_ranges  0x0000000000000700      0x398 Drivers/STM32F1xx_HAL_Driver/Src/stm32f1xx_hal_tim.o
 .debug_ranges  0x0000000000000a98      0x140 Drivers/STM32F1xx_HAL_Driver/Src/stm32f1xx_hal_tim_ex.o
 .debug_ranges  0x0000000000000bd8      0x1c0 Drivers/STM32F1xx_HAL_Driver/Src/stm32f1xx_hal_uart.o
 .debug_ranges  0x0000000000000d98      0x1c8 Middlewares/Third_Party/FreeRTOS/Source/CMSIS_RTOS/cmsis_os.o
 .debug_ranges  0x0000000000000f60       0x30 Middlewares/Third_Party/FreeRTOS/Source/list.o
 .debug_ranges  0x0000000000000f90      0x198 Middlewares/Third_Party/FreeRTOS/Source/tasks.o
 .debug_ranges  0x0000000000001128       0x68 Middlewares/Third_Party/FreeRTOS/Source/portable/GCC/ARM_CM3/port.o
 .debug_ranges  0x0000000000001190       0x40 Middlewares/Third_Party/FreeRTOS/Source/portable/MemMang/heap_4.o

.debug_macro    0x0000000000000000    0x18124
 .debug_macro   0x0000000000000000      0x22f Core/Src/freertos.o
 .debug_macro   0x000000000000022f      0xa5a Core/Src/freertos.o
 .debug_macro   0x0000000000000c89      0x174 Core/Src/freertos.o
 .debug_macro   0x0000000000000dfd       0x22 Core/Src/freertos.o
 .debug_macro   0x0000000000000e1f       0x8e Core/Src/freertos.o
 .debug_macro   0x0000000000000ead       0x51 Core/Src/freertos.o
 .debug_macro   0x0000000000000efe       0xef Core/Src/freertos.o
 .debug_macro   0x0000000000000fed       0x6a Core/Src/freertos.o
 .debug_macro   0x0000000000001057      0x1df Core/Src/freertos.o
 .debug_macro   0x0000000000001236       0xd6 Core/Src/freertos.o
 .debug_macro   0x000000000000130c      0x15a Core/Src/freertos.o
 .debug_macro   0x0000000000001466       0xd7 Core/Src/freertos.o
 .debug_macro   0x000000000000153d       0x10 Core/Src/freertos.o
 .debug_macro   0x000000000000154d       0x1f Core/Src/freertos.o
 .debug_macro   0x000000000000156c      0x4b7 Core/Src/freertos.o
 .debug_macro   0x0000000000001a23       0xb5 Core/Src/freertos.o
 .debug_macro   0x0000000000001ad8       0x8c Core/Src/freertos.o
 .debug_macro   0x0000000000001b64      0x227 Core/Src/freertos.o
 .debug_macro   0x0000000000001d8b       0x2e Core/Src/freertos.o
 .debug_macro   0x0000000000001db9       0x22 Core/Src/freertos.o
 .debug_macro   0x0000000000001ddb       0x1c Core/Src/freertos.o
 .debug_macro   0x0000000000001df7       0x22 Core/Src/freertos.o
 .debug_macro   0x0000000000001e19       0xc3 Core/Src/freertos.o
 .debug_macro   0x0000000000001edc      0xd23 Core/Src/freertos.o
 .debug_macro   0x0000000000002bff     0xfd8c Core/Src/freertos.o
 .debug_macro   0x000000000001298b       0x43 Core/Src/freertos.o
 .debug_macro   0x00000000000129ce       0x5a Core/Src/freertos.o
 .debug_macro   0x0000000000012a28      0x5be Core/Src/freertos.o
 .debug_macro   0x0000000000012fe6      0x4d5 Core/Src/freertos.o
 .debug_macro   0x00000000000134bb      0x1cb Core/Src/freertos.o
 .debug_macro   0x0000000000013686      0x114 Core/Src/freertos.o
 .debug_macro   0x000000000001379a      0x1ea Core/Src/freertos.o
 .debug_macro   0x0000000000013984       0x27 Core/Src/freertos.o
 .debug_macro   0x00000000000139ab      0x144 Core/Src/freertos.o
 .debug_macro   0x0000000000013aef      0x1bc Core/Src/freertos.o
 .debug_macro   0x0000000000013cab       0x30 Core/Src/freertos.o
 .debug_macro   0x0000000000013cdb       0x3c Core/Src/freertos.o
 .debug_macro   0x0000000000013d17       0x57 Core/Src/freertos.o
 .debug_macro   0x0000000000013d6e      0x46a Core/Src/freertos.o
 .debug_macro   0x00000000000141d8      0x25d Core/Src/freertos.o
 .debug_macro   0x0000000000014435       0x88 Core/Src/freertos.o
 .debug_macro   0x00000000000144bd      0x24f Core/Src/freertos.o
 .debug_macro   0x000000000001470c      0x141 Core/Src/freertos.o
 .debug_macro   0x000000000001484d      0x217 Core/Src/freertos.o
 .debug_macro   0x0000000000014a64      0x88b Core/Src/freertos.o
 .debug_macro   0x00000000000152ef      0x26b Core/Src/freertos.o
 .debug_macro   0x000000000001555a       0xb5 Core/Src/freertos.o
 .debug_macro   0x000000000001560f       0x1c Core/Src/freertos.o
 .debug_macro   0x000000000001562b      0x27a Core/Src/main.o
 .debug_macro   0x00000000000158a5       0xd6 Core/Src/main.o
 .debug_macro   0x000000000001597b       0x91 Core/Src/main.o
 .debug_macro   0x0000000000015a0c       0x8d Core/Src/main.o
 .debug_macro   0x0000000000015a99       0x7e Core/Src/main.o
 .debug_macro   0x0000000000015b17       0x19 Core/Src/main.o
 .debug_macro   0x0000000000015b30       0xf2 Core/Src/main.o
 .debug_macro   0x0000000000015c22      0x1c7 Core/Src/stm32f1xx_hal_msp.o
 .debug_macro   0x0000000000015de9      0x1b8 Core/Src/stm32f1xx_hal_timebase_tim.o
 .debug_macro   0x0000000000015fa1      0x239 Core/Src/stm32f1xx_it.o
 .debug_macro   0x00000000000161da      0x1be Core/Src/system_stm32f1xx.o
 .debug_macro   0x0000000000016398      0x1dc Drivers/STM32F1xx_HAL_Driver/Src/stm32f1xx_hal.o
 .debug_macro   0x0000000000016574      0x1d5 Drivers/STM32F1xx_HAL_Driver/Src/stm32f1xx_hal_adc.o
 .debug_macro   0x0000000000016749      0x1b8 Drivers/STM32F1xx_HAL_Driver/Src/stm32f1xx_hal_cortex.o
 .debug_macro   0x0000000000016901      0x1b8 Drivers/STM32F1xx_HAL_Driver/Src/stm32f1xx_hal_dma.o
 .debug_macro   0x0000000000016ab9      0x223 Drivers/STM32F1xx_HAL_Driver/Src/stm32f1xx_hal_gpio.o
 .debug_macro   0x0000000000016cdc      0x1ca Drivers/STM32F1xx_HAL_Driver/Src/stm32f1xx_hal_rcc.o
 .debug_macro   0x0000000000016ea6      0x1b8 Drivers/STM32F1xx_HAL_Driver/Src/stm32f1xx_hal_rcc_ex.o
 .debug_macro   0x000000000001705e      0x1c0 Drivers/STM32F1xx_HAL_Driver/Src/stm32f1xx_hal_spi.o
 .debug_macro   0x000000000001721e      0x1b9 Drivers/STM32F1xx_HAL_Driver/Src/stm32f1xx_hal_tim.o
 .debug_macro   0x00000000000173d7      0x1b8 Drivers/STM32F1xx_HAL_Driver/Src/stm32f1xx_hal_tim_ex.o
 .debug_macro   0x000000000001758f      0x1b9 Drivers/STM32F1xx_HAL_Driver/Src/stm32f1xx_hal_uart.o
 .debug_macro   0x0000000000017748      0x1f1 Middlewares/Third_Party/FreeRTOS/Source/CMSIS_RTOS/cmsis_os.o
 .debug_macro   0x0000000000017939       0x10 Middlewares/Third_Party/FreeRTOS/Source/CMSIS_RTOS/cmsis_os.o
 .debug_macro   0x0000000000017949       0x20 Middlewares/Third_Party/FreeRTOS/Source/CMSIS_RTOS/cmsis_os.o
 .debug_macro   0x0000000000017969       0xab Middlewares/Third_Party/FreeRTOS/Source/CMSIS_RTOS/cmsis_os.o
 .debug_macro   0x0000000000017a14      0x17a Middlewares/Third_Party/FreeRTOS/Source/list.o
 .debug_macro   0x0000000000017b8e      0x273 Middlewares/Third_Party/FreeRTOS/Source/tasks.o
 .debug_macro   0x0000000000017e01       0x10 Middlewares/Third_Party/FreeRTOS/Source/tasks.o
 .debug_macro   0x0000000000017e11      0x172 Middlewares/Third_Party/FreeRTOS/Source/portable/GCC/ARM_CM3/port.o
 .debug_macro   0x0000000000017f83      0x1a1 Middlewares/Third_Party/FreeRTOS/Source/portable/MemMang/heap_4.o

.debug_line     0x0000000000000000     0xedc9
 .debug_line    0x0000000000000000      0x7a3 Core/Src/freertos.o
 .debug_line    0x00000000000007a3      0x915 Core/Src/main.o
 .debug_line    0x00000000000010b8      0x73d Core/Src/stm32f1xx_hal_msp.o
 .debug_line    0x00000000000017f5      0x6de Core/Src/stm32f1xx_hal_timebase_tim.o
 .debug_line    0x0000000000001ed3      0x840 Core/Src/stm32f1xx_it.o
 .debug_line    0x0000000000002713      0x6db Core/Src/system_stm32f1xx.o
 .debug_line    0x0000000000002dee       0x84 Core/Startup/startup_stm32f103rctx.o
 .debug_line    0x0000000000002e72      0x885 Drivers/STM32F1xx_HAL_Driver/Src/stm32f1xx_hal.o
 .debug_line    0x00000000000036f7      0xbeb Drivers/STM32F1xx_HAL_Driver/Src/stm32f1xx_hal_adc.o
 .debug_line    0x00000000000042e2      0x95c Drivers/STM32F1xx_HAL_Driver/Src/stm32f1xx_hal_cortex.o
 .debug_line    0x0000000000004c3e      0xf6c Drivers/STM32F1xx_HAL_Driver/Src/stm32f1xx_hal_dma.o
 .debug_line    0x0000000000005baa      0x8ab Drivers/STM32F1xx_HAL_Driver/Src/stm32f1xx_hal_gpio.o
 .debug_line    0x0000000000006455      0x945 Drivers/STM32F1xx_HAL_Driver/Src/stm32f1xx_hal_rcc.o
 .debug_line    0x0000000000006d9a      0x769 Drivers/STM32F1xx_HAL_Driver/Src/stm32f1xx_hal_rcc_ex.o
 .debug_line    0x0000000000007503     0x1051 Drivers/STM32F1xx_HAL_Driver/Src/stm32f1xx_hal_spi.o
 .debug_line    0x0000000000008554     0x18ff Drivers/STM32F1xx_HAL_Driver/Src/stm32f1xx_hal_tim.o
 .debug_line    0x0000000000009e53      0xc96 Drivers/STM32F1xx_HAL_Driver/Src/stm32f1xx_hal_tim_ex.o
 .debug_line    0x000000000000aae9      0xf8e Drivers/STM32F1xx_HAL_Driver/Src/stm32f1xx_hal_uart.o
 .debug_line    0x000000000000ba77      0xcf6 Middlewares/Third_Party/FreeRTOS/Source/CMSIS_RTOS/cmsis_os.o
 .debug_line    0x000000000000c76d      0x6a2 Middlewares/Third_Party/FreeRTOS/Source/list.o
 .debug_line    0x000000000000ce0f     0x11a9 Middlewares/Third_Party/FreeRTOS/Source/tasks.o
 .debug_line    0x000000000000dfb8      0x689 Middlewares/Third_Party/FreeRTOS/Source/portable/GCC/ARM_CM3/port.o
 .debug_line    0x000000000000e641      0x788 Middlewares/Third_Party/FreeRTOS/Source/portable/MemMang/heap_4.o

.debug_str      0x0000000000000000    0x8e4c6
 .debug_str     0x0000000000000000    0x82b5f Core/Src/freertos.o
                                      0x82f06 (size before relaxing)
 .debug_str     0x0000000000082b5f     0x2e0b Core/Src/main.o
                                      0x85d18 (size before relaxing)
 .debug_str     0x000000000008596a      0x3ce Core/Src/stm32f1xx_hal_msp.o
                                      0x7ff20 (size before relaxing)
 .debug_str     0x0000000000085d38       0xaa Core/Src/stm32f1xx_hal_timebase_tim.o
                                      0x7fc2f (size before relaxing)
 .debug_str     0x0000000000085de2       0xb4 Core/Src/stm32f1xx_it.o
                                      0x833e0 (size before relaxing)
 .debug_str     0x0000000000085e96       0xc2 Core/Src/system_stm32f1xx.o
                                      0x7f469 (size before relaxing)
 .debug_str     0x0000000000085f58       0x36 Core/Startup/startup_stm32f103rctx.o
                                         0x6e (size before relaxing)
 .debug_str     0x0000000000085f8e      0x380 Drivers/STM32F1xx_HAL_Driver/Src/stm32f1xx_hal.o
                                      0x7fb64 (size before relaxing)
 .debug_str     0x000000000008630e      0x357 Drivers/STM32F1xx_HAL_Driver/Src/stm32f1xx_hal_adc.o
                                      0x7fa7f (size before relaxing)
 .debug_str     0x0000000000086665      0x2bf Drivers/STM32F1xx_HAL_Driver/Src/stm32f1xx_hal_cortex.o
                                      0x7fb6c (size before relaxing)
 .debug_str     0x0000000000086924      0x23f Drivers/STM32F1xx_HAL_Driver/Src/stm32f1xx_hal_dma.o
                                      0x7f7ca (size before relaxing)
 .debug_str     0x0000000000086b63      0x31f Drivers/STM32F1xx_HAL_Driver/Src/stm32f1xx_hal_gpio.o
                                      0x7f7b3 (size before relaxing)
 .debug_str     0x0000000000086e82      0x259 Drivers/STM32F1xx_HAL_Driver/Src/stm32f1xx_hal_rcc.o
                                      0x7f7ec (size before relaxing)
 .debug_str     0x00000000000870db       0xb9 Drivers/STM32F1xx_HAL_Driver/Src/stm32f1xx_hal_rcc_ex.o
                                      0x7f59f (size before relaxing)
 .debug_str     0x0000000000087194      0x529 Drivers/STM32F1xx_HAL_Driver/Src/stm32f1xx_hal_spi.o
                                      0x7fce0 (size before relaxing)
 .debug_str     0x00000000000876bd      0xdd0 Drivers/STM32F1xx_HAL_Driver/Src/stm32f1xx_hal_tim.o
                                      0x805b7 (size before relaxing)
 .debug_str     0x000000000008848d      0x579 Drivers/STM32F1xx_HAL_Driver/Src/stm32f1xx_hal_tim_ex.o
                                      0x7fdb7 (size before relaxing)
 .debug_str     0x0000000000088a06      0x507 Drivers/STM32F1xx_HAL_Driver/Src/stm32f1xx_hal_uart.o
                                      0x7fcdb (size before relaxing)
 .debug_str     0x0000000000088f0d     0x3799 Middlewares/Third_Party/FreeRTOS/Source/CMSIS_RTOS/cmsis_os.o
                                       0xdb7b (size before relaxing)
 .debug_str     0x000000000008c6a6      0x225 Middlewares/Third_Party/FreeRTOS/Source/list.o
                                       0xa4c0 (size before relaxing)
 .debug_str     0x000000000008c8cb     0x12b3 Middlewares/Third_Party/FreeRTOS/Source/tasks.o
                                       0xc6ad (size before relaxing)
 .debug_str     0x000000000008db7e      0x6ee Middlewares/Third_Party/FreeRTOS/Source/portable/GCC/ARM_CM3/port.o
                                       0x80a4 (size before relaxing)
 .debug_str     0x000000000008e26c      0x25a Middlewares/Third_Party/FreeRTOS/Source/portable/MemMang/heap_4.o
                                       0xabe3 (size before relaxing)

.comment        0x0000000000000000       0x7b
 .comment       0x0000000000000000       0x7b Core/Src/freertos.o
                                         0x7c (size before relaxing)
 .comment       0x000000000000007b       0x7c Core/Src/main.o
 .comment       0x000000000000007b       0x7c Core/Src/stm32f1xx_hal_msp.o
 .comment       0x000000000000007b       0x7c Core/Src/stm32f1xx_hal_timebase_tim.o
 .comment       0x000000000000007b       0x7c Core/Src/stm32f1xx_it.o
 .comment       0x000000000000007b       0x7c Core/Src/system_stm32f1xx.o
 .comment       0x000000000000007b       0x7c Drivers/STM32F1xx_HAL_Driver/Src/stm32f1xx_hal.o
 .comment       0x000000000000007b       0x7c Drivers/STM32F1xx_HAL_Driver/Src/stm32f1xx_hal_adc.o
 .comment       0x000000000000007b       0x7c Drivers/STM32F1xx_HAL_Driver/Src/stm32f1xx_hal_cortex.o
 .comment       0x000000000000007b       0x7c Drivers/STM32F1xx_HAL_Driver/Src/stm32f1xx_hal_dma.o
 .comment       0x000000000000007b       0x7c Drivers/STM32F1xx_HAL_Driver/Src/stm32f1xx_hal_gpio.o
 .comment       0x000000000000007b       0x7c Drivers/STM32F1xx_HAL_Driver/Src/stm32f1xx_hal_rcc.o
 .comment       0x000000000000007b       0x7c Drivers/STM32F1xx_HAL_Driver/Src/stm32f1xx_hal_rcc_ex.o
 .comment       0x000000000000007b       0x7c Drivers/STM32F1xx_HAL_Driver/Src/stm32f1xx_hal_spi.o
 .comment       0x000000000000007b       0x7c Drivers/STM32F1xx_HAL_Driver/Src/stm32f1xx_hal_tim.o
 .comment       0x000000000000007b       0x7c Drivers/STM32F1xx_HAL_Driver/Src/stm32f1xx_hal_tim_ex.o
 .comment       0x000000000000007b       0x7c Drivers/STM32F1xx_HAL_Driver/Src/stm32f1xx_hal_uart.o
 .comment       0x000000000000007b       0x7c Middlewares/Third_Party/FreeRTOS/Source/CMSIS_RTOS/cmsis_os.o
 .comment       0x000000000000007b       0x7c Middlewares/Third_Party/FreeRTOS/Source/list.o
 .comment       0x000000000000007b       0x7c Middlewares/Third_Party/FreeRTOS/Source/tasks.o
 .comment       0x000000000000007b       0x7c Middlewares/Third_Party/FreeRTOS/Source/portable/GCC/ARM_CM3/port.o
 .comment       0x000000000000007b       0x7c Middlewares/Third_Party/FreeRTOS/Source/portable/MemMang/heap_4.o

.debug_frame    0x0000000000000000     0x4fc0
 .debug_frame   0x0000000000000000       0x38 Core/Src/freertos.o
 .debug_frame   0x0000000000000038      0x15c Core/Src/main.o
 .debug_frame   0x0000000000000194      0x10c Core/Src/stm32f1xx_hal_msp.o
 .debug_frame   0x00000000000002a0       0x74 Core/Src/stm32f1xx_hal_timebase_tim.o
 .debug_frame   0x0000000000000314       0xe8 Core/Src/stm32f1xx_it.o
 .debug_frame   0x00000000000003fc       0x58 Core/Src/system_stm32f1xx.o
 .debug_frame   0x0000000000000454      0x334 Drivers/STM32F1xx_HAL_Driver/Src/stm32f1xx_hal.o
 .debug_frame   0x0000000000000788      0x40c Drivers/STM32F1xx_HAL_Driver/Src/stm32f1xx_hal_adc.o
 .debug_frame   0x0000000000000b94      0x428 Drivers/STM32F1xx_HAL_Driver/Src/stm32f1xx_hal_cortex.o
 .debug_frame   0x0000000000000fbc      0x20c Drivers/STM32F1xx_HAL_Driver/Src/stm32f1xx_hal_dma.o
 .debug_frame   0x00000000000011c8      0x14c Drivers/STM32F1xx_HAL_Driver/Src/stm32f1xx_hal_gpio.o
 .debug_frame   0x0000000000001314      0x21c Drivers/STM32F1xx_HAL_Driver/Src/stm32f1xx_hal_rcc.o
 .debug_frame   0x0000000000001530       0x84 Drivers/STM32F1xx_HAL_Driver/Src/stm32f1xx_hal_rcc_ex.o
 .debug_frame   0x00000000000015b4      0x824 Drivers/STM32F1xx_HAL_Driver/Src/stm32f1xx_hal_spi.o
 .debug_frame   0x0000000000001dd8     0x10f0 Drivers/STM32F1xx_HAL_Driver/Src/stm32f1xx_hal_tim.o
 .debug_frame   0x0000000000002ec8      0x5c0 Drivers/STM32F1xx_HAL_Driver/Src/stm32f1xx_hal_tim_ex.o
 .debug_frame   0x0000000000003488      0x834 Drivers/STM32F1xx_HAL_Driver/Src/stm32f1xx_hal_uart.o
 .debug_frame   0x0000000000003cbc      0x80c Middlewares/Third_Party/FreeRTOS/Source/CMSIS_RTOS/cmsis_os.o
 .debug_frame   0x00000000000044c8       0xd8 Middlewares/Third_Party/FreeRTOS/Source/list.o
 .debug_frame   0x00000000000045a0      0x734 Middlewares/Third_Party/FreeRTOS/Source/tasks.o
 .debug_frame   0x0000000000004cd4      0x198 Middlewares/Third_Party/FreeRTOS/Source/portable/GCC/ARM_CM3/port.o
 .debug_frame   0x0000000000004e6c      0x108 Middlewares/Third_Party/FreeRTOS/Source/portable/MemMang/heap_4.o
 .debug_frame   0x0000000000004f74       0x2c d:/program files/stm32cubeide_1.3.0/stm32cubeide/plugins/com.st.stm32cube.ide.mcu.externaltools.gnu-tools-for-stm32.7-2018-q2-update.win32_1.0.0.201904181610/tools/bin/../lib/gcc/arm-none-eabi/7.3.1/../../../../arm-none-eabi/lib/thumb/v7-m\libc_nano.a(lib_a-init.o)
 .debug_frame   0x0000000000004fa0       0x20 d:/program files/stm32cubeide_1.3.0/stm32cubeide/plugins/com.st.stm32cube.ide.mcu.externaltools.gnu-tools-for-stm32.7-2018-q2-update.win32_1.0.0.201904181610/tools/bin/../lib/gcc/arm-none-eabi/7.3.1/../../../../arm-none-eabi/lib/thumb/v7-m\libc_nano.a(lib_a-memset.o)
