nrf24l01.c:240:6:NRF24L01_CE_LOW	8	static
nrf24l01.c:245:6:NRF24L01_CE_HIGH	8	static
nrf24l01.c:250:6:NRF24L01_CSN_LOW	8	static
nrf24l01.c:255:6:NRF24L01_CSN_HIGH	8	static
nrf24l01.c:261:6:NRF24L01_ClearInterrupts	8	static
nrf24l01.c:267:6:NRF24L01_FlushRx	16	static
nrf24l01.c:277:6:NRF24L01_FlushTx	16	static
nrf24l01.c:288:9:NRF24L01_Init	80	static
nrf24l01.c:365:6:NRF24L01_SpiInit	32	static
nrf24l01.c:418:6:NRF24L01_SoftwareReset	16	static
nrf24l01.c:479:9:NRF24L01_ReadBit	24	static
nrf24l01.c:496:6:NRF24L01_WriteBit	24	static
nrf24l01.c:512:9:NRF24L01_ReadRegister	32	static
nrf24l01.c:534:6:NRF24L01_WriteRegister	24	static
nrf24l01.c:549:6:NRF24L01_ReadRegisterMulti	56	dynamic
nrf24l01.c:571:6:NRF24L01_WriteRegisterMulti	40	dynamic
nrf24l01.c:587:6:NRF24L01_SetRxAddress	16	static
nrf24l01.c:596:6:NRF24L01_SetTxAddress	16	static
nrf24l01.c:602:6:NRF24L01_PowerDown	8	static
nrf24l01.c:608:6:NRF24L01_PowerUP	8	static
nrf24l01.c:613:6:NRF24L01_PowerUpRx	8	static
nrf24l01.c:627:6:NRF24L01_PowerUpTx	8	static
nrf24l01.c:634:28:NRF24L01_Transmit	56	dynamic
nrf24l01.c:706:6:NRF24L01_GetData	32	static
nrf24l01.c:725:9:NRF24L01_DataReady	16	static
nrf24l01.c:735:9:NRF24L01_RxFifoEmpty	16	static
nrf24l01.c:745:9:NRF24L01_GetStatus	24	static
nrf24l01.c:761:28:NRF24L01_GetTransmissionStatus	16	static
nrf24l01.c:776:9:NRF24L01_GetRetransmissionsCount	8	static
nrf24l01.c:782:6:NRF24L01_SetChannel	16	static
nrf24l01.c:792:6:NRF24L01_SetCrcLength	24	static
nrf24l01.c:812:6:NRF24L01_SetPaLevel	16	static
nrf24l01.c:817:24:NRF24L01_GetPaLevel	4	static
nrf24l01.c:825:6:setDataRate	16	static
nrf24l01.c:830:21:NRF24L01_GetDataRate	4	static
nrf24l01.c:836:6:NRF24L01_SetRF	24	static
nrf24l01.c:861:6:NRF24L01_SetAutoAck	24	static
nrf24l01.c:890:9:NRF24L01_Available	24	static
nrf24l01.c:911:9:NRF24L01_TestCarrier	8	static
nrf24l01.c:916:6:NRF24L01_OpenWritingPipe	16	static
nrf24l01.c:923:6:NRF24L01_StartListening	8	static
nrf24l01.c:945:6:NRF24L01_StopListening	8	static
nrf24l01.c:954:6:NRF24L01_OpenReadingPipe	24	static
nrf24l01.c:979:9:NRF24L01_Read	48	dynamic
nrf24l01.c:1007:9:NRF24L01_GetPayloadSize	4	static
nrf24l01.c:1012:9:NRF24L01_GetDynamicPayloadSize	4	static
nrf24l01.c:1018:6:NRF24L01_SetRetries	16	static
